============================= test session starts ==============================
platform linux -- Python 3.14.4, pytest-9.1.1, pluggy-1.6.0
rootdir: /home/srikanth-r/Desktop/Template
configfile: pytest.ini
plugins: anyio-4.14.1, asyncio-1.4.0
asyncio: mode=Mode.AUTO, debug=False, asyncio_default_fixture_loop_scope=function, asyncio_default_test_loop_scope=function
collected 1 item

tests/test_users.py F                                                    [100%]

=================================== FAILURES ===================================
___________________________ test_list_users_as_admin ___________________________

self = <sqlalchemy.engine.base.Connection object at 0x73e893cd0050>
dialect = <sqlalchemy.dialects.sqlite.aiosqlite.SQLiteDialect_aiosqlite object at 0x73e893eeae90>
constructor = <bound method DefaultExecutionContext._init_compiled of <class 'sqlalchemy.dialects.sqlite.aiosqlite.SQLiteExecutionContext_aiosqlite'>>
statement = <sqlalchemy.dialects.sqlite.base.SQLiteCompiler object at 0x73e893329a70>
parameters = [{}]
execution_options = immutabledict({'prebuffer_rows': True, '_result_disable_adapt_to_context': True})
args = (<sqlalchemy.dialects.sqlite.base.SQLiteCompiler object at 0x73e893329a70>, [{}], <sqlalchemy.sql.selectable.Select object at 0x73e893c6ad50>, [BindParameter('%(127442776734224 id)s', 'a96c755b-8423-42d7-83cd-7aa03fe119bb', type_=UUID())])
kw = {'cache_hit': <CacheStats.CACHE_MISS: 1>}

    def _execute_context(
        self,
        dialect: Dialect,
        constructor: Callable[..., ExecutionContext],
        statement: Union[str, Compiled],
        parameters: Optional[_AnyMultiExecuteParams],
        execution_options: _ExecuteOptions,
        *args: Any,
        **kw: Any,
    ) -> CursorResult[Any]:
        """Create an :class:`.ExecutionContext` and execute, returning
        a :class:`_engine.CursorResult`."""
    
        if execution_options:
            yp = execution_options.get("yield_per", None)
            if yp:
                execution_options = execution_options.union(
                    {"stream_results": True, "max_row_buffer": yp}
                )
        try:
            conn = self._dbapi_connection
            if conn is None:
                conn = self._revalidate_connection()
    
>           context = constructor(
                dialect, self, conn, execution_options, *args, **kw
            )

.venv/lib/python3.14/site-packages/sqlalchemy/engine/base.py:1817: 
_ _ _ _ _ _ _ _ _ _ _ _ _ _ _ _ _ _ _ _ _ _ _ _ _ _ _ _ _ _ _ _ _ _ _ _ _ _ _ _ 

cls = <class 'sqlalchemy.dialects.sqlite.aiosqlite.SQLiteExecutionContext_aiosqlite'>
dialect = <sqlalchemy.dialects.sqlite.aiosqlite.SQLiteDialect_aiosqlite object at 0x73e893eeae90>
connection = <sqlalchemy.engine.base.Connection object at 0x73e893cd0050>
dbapi_connection = <sqlalchemy.pool.base._ConnectionFairy object at 0x73e893d8ba10>
execution_options = immutabledict({'prebuffer_rows': True, '_result_disable_adapt_to_context': True})
compiled = <sqlalchemy.dialects.sqlite.base.SQLiteCompiler object at 0x73e893329a70>
parameters = [{}]
invoked_statement = <sqlalchemy.sql.selectable.Select object at 0x73e893c6ad50>
extracted_parameters = [BindParameter('%(127442776734224 id)s', 'a96c755b-8423-42d7-83cd-7aa03fe119bb', type_=UUID())]
cache_hit = <CacheStats.CACHE_MISS: 1>

    @classmethod
    def _init_compiled(
        cls,
        dialect: Dialect,
        connection: Connection,
        dbapi_connection: PoolProxiedConnection,
        execution_options: _ExecuteOptions,
        compiled: SQLCompiler,
        parameters: _CoreMultiExecuteParams,
        invoked_statement: Executable,
        extracted_parameters: Optional[Sequence[BindParameter[Any]]],
        cache_hit: CacheStats = CacheStats.CACHING_DISABLED,
    ) -> ExecutionContext:
        """Initialize execution context for a Compiled construct."""
    
        self = cls.__new__(cls)
        self.root_connection = connection
        self._dbapi_connection = dbapi_connection
        self.dialect = connection.dialect
        self.extracted_parameters = extracted_parameters
        self.invoked_statement = invoked_statement
        self.compiled = compiled
        self.cache_hit = cache_hit
    
        self.execution_options = execution_options
    
        self.result_column_struct = (
            compiled._result_columns,
            compiled._ordered_columns,
            compiled._textual_ordered_columns,
            compiled._ad_hoc_textual,
            compiled._loose_column_name_matching,
        )
    
        self.isinsert = ii = compiled.isinsert
        self.isupdate = iu = compiled.isupdate
        self.isdelete = id_ = compiled.isdelete
        self.is_text = compiled.isplaintext
    
        if ii or iu or id_:
            dml_statement = compiled.compile_state.statement  # type: ignore
            if TYPE_CHECKING:
                assert isinstance(dml_statement, UpdateBase)
            self.is_crud = True
            self._is_explicit_returning = ier = bool(dml_statement._returning)
            self._is_implicit_returning = iir = bool(
                compiled.implicit_returning
            )
            if iir and dml_statement._supplemental_returning:
                self._is_supplemental_returning = True
    
            # dont mix implicit and explicit returning
            assert not (iir and ier)
    
            if (ier or iir) and compiled.for_executemany:
                if ii and not self.dialect.insert_executemany_returning:
                    raise exc.InvalidRequestError(
                        f"Dialect {self.dialect.dialect_description} with "
                        f"current server capabilities does not support "
                        "INSERT..RETURNING when executemany is used"
                    )
                elif (
                    ii
                    and dml_statement._sort_by_parameter_order
                    and not self.dialect.insert_executemany_returning_sort_by_parameter_order  # noqa: E501
                ):
                    raise exc.InvalidRequestError(
                        f"Dialect {self.dialect.dialect_description} with "
                        f"current server capabilities does not support "
                        "INSERT..RETURNING with deterministic row ordering "
                        "when executemany is used"
                    )
                elif (
                    ii
                    and self.dialect.use_insertmanyvalues
                    and not compiled._insertmanyvalues
                ):
                    raise exc.InvalidRequestError(
                        'Statement does not have "insertmanyvalues" '
                        "enabled, can't use INSERT..RETURNING with "
                        "executemany in this case."
                    )
                elif iu and not self.dialect.update_executemany_returning:
                    raise exc.InvalidRequestError(
                        f"Dialect {self.dialect.dialect_description} with "
                        f"current server capabilities does not support "
                        "UPDATE..RETURNING when executemany is used"
                    )
                elif id_ and not self.dialect.delete_executemany_returning:
                    raise exc.InvalidRequestError(
                        f"Dialect {self.dialect.dialect_description} with "
                        f"current server capabilities does not support "
                        "DELETE..RETURNING when executemany is used"
                    )
    
        if not parameters:
            self.compiled_parameters = [
                compiled.construct_params(
                    extracted_parameters=extracted_parameters,
                    escape_names=False,
                )
            ]
        else:
            self.compiled_parameters = [
                compiled.construct_params(
                    m,
                    escape_names=False,
                    _group_number=grp,
                    extracted_parameters=extracted_parameters,
                )
                for grp, m in enumerate(parameters)
            ]
    
            if len(parameters) > 1:
                if self.isinsert and compiled._insertmanyvalues:
                    self.execute_style = ExecuteStyle.INSERTMANYVALUES
    
                    imv = compiled._insertmanyvalues
                    if imv.sentinel_columns is not None:
                        self._num_sentinel_cols = imv.num_sentinel_columns
                else:
                    self.execute_style = ExecuteStyle.EXECUTEMANY
    
        self.unicode_statement = compiled.string
    
        self.cursor = self.create_cursor()
    
        if self.compiled.insert_prefetch or self.compiled.update_prefetch:
            self._process_execute_defaults()
    
        processors = compiled._bind_processors
    
        flattened_processors: Mapping[
            str, _BindProcessorType[Any]
        ] = processors  # type: ignore[assignment]
    
        if compiled.literal_execute_params or compiled.post_compile_params:
            if self.executemany:
                raise exc.InvalidRequestError(
                    "'literal_execute' or 'expanding' parameters can't be "
                    "used with executemany()"
                )
    
            expanded_state = compiled._process_parameters_for_postcompile(
                self.compiled_parameters[0]
            )
    
            # re-assign self.unicode_statement
            self.unicode_statement = expanded_state.statement
    
            self._expanded_parameters = expanded_state.parameter_expansion
    
            flattened_processors = dict(processors)  # type: ignore
            flattened_processors.update(expanded_state.processors)
            positiontup = expanded_state.positiontup
        elif compiled.positional:
            positiontup = self.compiled.positiontup
        else:
            positiontup = None
    
        if compiled.schema_translate_map:
            schema_translate_map = self.execution_options.get(
                "schema_translate_map", {}
            )
            rst = compiled.preparer._render_schema_translates
            self.unicode_statement = rst(
                self.unicode_statement, schema_translate_map
            )
    
        # final self.unicode_statement is now assigned, encode if needed
        # by dialect
        self.statement = self.unicode_statement
    
        # Convert the dictionary of bind parameter values
        # into a dict or list to be sent to the DBAPI's
        # execute() or executemany() method.
    
        if compiled.positional:
            core_positional_parameters: MutableSequence[Sequence[Any]] = []
            assert positiontup is not None
            for compiled_params in self.compiled_parameters:
                l_param: List[Any] = [
                    (
>                       flattened_processors[key](compiled_params[key])
                        if key in flattened_processors
                        else compiled_params[key]
                    )
                    for key in positiontup
                ]

.venv/lib/python3.14/site-packages/sqlalchemy/engine/default.py:1496: 
_ _ _ _ _ _ _ _ _ _ _ _ _ _ _ _ _ _ _ _ _ _ _ _ _ _ _ _ _ _ _ _ _ _ _ _ _ _ _ _ 

value = 'a96c755b-8423-42d7-83cd-7aa03fe119bb'

    def process(value):
        if value is not None:
>           value = value.hex
                    ^^^^^^^^^
E           AttributeError: 'str' object has no attribute 'hex'

.venv/lib/python3.14/site-packages/sqlalchemy/sql/sqltypes.py:3734: AttributeError

The above exception was the direct cause of the following exception:

client = <httpx.AsyncClient object at 0x73e893c3aba0>
test_admin = <app.models.user.User object at 0x73e893c3b8c0>
test_user = <app.models.user.User object at 0x73e893de9a90>

    async def test_list_users_as_admin(client: AsyncClient, test_admin: User, test_user: User):
        # Log in as admin
        login_res = await client.post(
            "/api/v1/auth/login",
            data={"username": test_admin.email, "password": "password123"}
        )
        token = login_res.json()["access_token"]
    
        # Fetch list
        headers = {"Authorization": f"Bearer {token}"}
>       response = await client.get("/api/v1/users/", headers=headers)
                   ^^^^^^^^^^^^^^^^^^^^^^^^^^^^^^^^^^^^^^^^^^^^^^^^^^^

tests/test_users.py:17: 
_ _ _ _ _ _ _ _ _ _ _ _ _ _ _ _ _ _ _ _ _ _ _ _ _ _ _ _ _ _ _ _ _ _ _ _ _ _ _ _ 

self = <httpx.AsyncClient object at 0x73e893c3aba0>, url = '/api/v1/users/'
params = None
headers = {'Authorization': 'Bearer eyJhbGciOiJIUzI1NiIsInR5cCI6IkpXVCJ9.eyJleHAiOjE3ODI4MTkyNTgsInN1YiI6ImE5NmM3NTViLTg0MjMtNDJkNy04M2NkLTdhYTAzZmUxMTliYiIsInR5cGUiOiJhY2Nlc3MifQ.9rFtRY0_k8fTAh77-CW7l4Vcs407J_MiQUgZvby4W3Y'}
cookies = None, auth = <httpx._client.UseClientDefault object at 0x73e89752aba0>
follow_redirects = <httpx._client.UseClientDefault object at 0x73e89752aba0>
timeout = <httpx._client.UseClientDefault object at 0x73e89752aba0>
extensions = None

    async def get(
        self,
        url: URL | str,
        *,
        params: QueryParamTypes | None = None,
        headers: HeaderTypes | None = None,
        cookies: CookieTypes | None = None,
        auth: AuthTypes | UseClientDefault | None = USE_CLIENT_DEFAULT,
        follow_redirects: bool | UseClientDefault = USE_CLIENT_DEFAULT,
        timeout: TimeoutTypes | UseClientDefault = USE_CLIENT_DEFAULT,
        extensions: RequestExtensions | None = None,
    ) -> Response:
        """
        Send a `GET` request.
    
        **Parameters**: See `httpx.request`.
        """
>       return await self.request(
            "GET",
            url,
            params=params,
            headers=headers,
            cookies=cookies,
            auth=auth,
            follow_redirects=follow_redirects,
            timeout=timeout,
            extensions=extensions,
        )

.venv/lib/python3.14/site-packages/httpx/_client.py:1768: 
_ _ _ _ _ _ _ _ _ _ _ _ _ _ _ _ _ _ _ _ _ _ _ _ _ _ _ _ _ _ _ _ _ _ _ _ _ _ _ _ 

self = <httpx.AsyncClient object at 0x73e893c3aba0>, method = 'GET'
url = '/api/v1/users/', content = None, data = None, files = None, json = None
params = None
headers = {'Authorization': 'Bearer eyJhbGciOiJIUzI1NiIsInR5cCI6IkpXVCJ9.eyJleHAiOjE3ODI4MTkyNTgsInN1YiI6ImE5NmM3NTViLTg0MjMtNDJkNy04M2NkLTdhYTAzZmUxMTliYiIsInR5cGUiOiJhY2Nlc3MifQ.9rFtRY0_k8fTAh77-CW7l4Vcs407J_MiQUgZvby4W3Y'}
cookies = None, auth = <httpx._client.UseClientDefault object at 0x73e89752aba0>
follow_redirects = <httpx._client.UseClientDefault object at 0x73e89752aba0>
timeout = <httpx._client.UseClientDefault object at 0x73e89752aba0>
extensions = None

    async def request(
        self,
        method: str,
        url: URL | str,
        *,
        content: RequestContent | None = None,
        data: RequestData | None = None,
        files: RequestFiles | None = None,
        json: typing.Any | None = None,
        params: QueryParamTypes | None = None,
        headers: HeaderTypes | None = None,
        cookies: CookieTypes | None = None,
        auth: AuthTypes | UseClientDefault | None = USE_CLIENT_DEFAULT,
        follow_redirects: bool | UseClientDefault = USE_CLIENT_DEFAULT,
        timeout: TimeoutTypes | UseClientDefault = USE_CLIENT_DEFAULT,
        extensions: RequestExtensions | None = None,
    ) -> Response:
        """
        Build and send a request.
    
        Equivalent to:
    
        ```python
        request = client.build_request(...)
        response = await client.send(request, ...)
        ```
    
        See `AsyncClient.build_request()`, `AsyncClient.send()`
        and [Merging of configuration][0] for how the various parameters
        are merged with client-level configuration.
    
        [0]: /advanced/clients/#merging-of-configuration
        """
    
        if cookies is not None:  # pragma: no cover
            message = (
                "Setting per-request cookies=<...> is being deprecated, because "
                "the expected behaviour on cookie persistence is ambiguous. Set "
                "cookies directly on the client instance instead."
            )
            warnings.warn(message, DeprecationWarning, stacklevel=2)
    
        request = self.build_request(
            method=method,
            url=url,
            content=content,
            data=data,
            files=files,
            json=json,
            params=params,
            headers=headers,
            cookies=cookies,
            timeout=timeout,
            extensions=extensions,
        )
>       return await self.send(request, auth=auth, follow_redirects=follow_redirects)
               ^^^^^^^^^^^^^^^^^^^^^^^^^^^^^^^^^^^^^^^^^^^^^^^^^^^^^^^^^^^^^^^^^^^^^^

.venv/lib/python3.14/site-packages/httpx/_client.py:1540: 
_ _ _ _ _ _ _ _ _ _ _ _ _ _ _ _ _ _ _ _ _ _ _ _ _ _ _ _ _ _ _ _ _ _ _ _ _ _ _ _ 

self = <httpx.AsyncClient object at 0x73e893c3aba0>
request = <Request('GET', 'http://test/api/v1/users/')>, stream = False
auth = <httpx.Auth object at 0x73e893dea990>, follow_redirects = False

    async def send(
        self,
        request: Request,
        *,
        stream: bool = False,
        auth: AuthTypes | UseClientDefault | None = USE_CLIENT_DEFAULT,
        follow_redirects: bool | UseClientDefault = USE_CLIENT_DEFAULT,
    ) -> Response:
        """
        Send a request.
    
        The request is sent as-is, unmodified.
    
        Typically you'll want to build one with `AsyncClient.build_request()`
        so that any client-level configuration is merged into the request,
        but passing an explicit `httpx.Request()` is supported as well.
    
        See also: [Request instances][0]
    
        [0]: /advanced/clients/#request-instances
        """
        if self._state == ClientState.CLOSED:
            raise RuntimeError("Cannot send a request, as the client has been closed.")
    
        self._state = ClientState.OPENED
        follow_redirects = (
            self.follow_redirects
            if isinstance(follow_redirects, UseClientDefault)
            else follow_redirects
        )
    
        self._set_timeout(request)
    
        auth = self._build_request_auth(request, auth)
    
>       response = await self._send_handling_auth(
            request,
            auth=auth,
            follow_redirects=follow_redirects,
            history=[],
        )

.venv/lib/python3.14/site-packages/httpx/_client.py:1629: 
_ _ _ _ _ _ _ _ _ _ _ _ _ _ _ _ _ _ _ _ _ _ _ _ _ _ _ _ _ _ _ _ _ _ _ _ _ _ _ _ 

self = <httpx.AsyncClient object at 0x73e893c3aba0>
request = <Request('GET', 'http://test/api/v1/users/')>
auth = <httpx.Auth object at 0x73e893dea990>, follow_redirects = False
history = []

    async def _send_handling_auth(
        self,
        request: Request,
        auth: Auth,
        follow_redirects: bool,
        history: list[Response],
    ) -> Response:
        auth_flow = auth.async_auth_flow(request)
        try:
            request = await auth_flow.__anext__()
    
            while True:
>               response = await self._send_handling_redirects(
                    request,
                    follow_redirects=follow_redirects,
                    history=history,
                )

.venv/lib/python3.14/site-packages/httpx/_client.py:1657: 
_ _ _ _ _ _ _ _ _ _ _ _ _ _ _ _ _ _ _ _ _ _ _ _ _ _ _ _ _ _ _ _ _ _ _ _ _ _ _ _ 

self = <httpx.AsyncClient object at 0x73e893c3aba0>
request = <Request('GET', 'http://test/api/v1/users/')>
follow_redirects = False, history = []

    async def _send_handling_redirects(
        self,
        request: Request,
        follow_redirects: bool,
        history: list[Response],
    ) -> Response:
        while True:
            if len(history) > self.max_redirects:
                raise TooManyRedirects(
                    "Exceeded maximum allowed redirects.", request=request
                )
    
            for hook in self._event_hooks["request"]:
                await hook(request)
    
>           response = await self._send_single_request(request)
                       ^^^^^^^^^^^^^^^^^^^^^^^^^^^^^^^^^^^^^^^^

.venv/lib/python3.14/site-packages/httpx/_client.py:1694: 
_ _ _ _ _ _ _ _ _ _ _ _ _ _ _ _ _ _ _ _ _ _ _ _ _ _ _ _ _ _ _ _ _ _ _ _ _ _ _ _ 

self = <httpx.AsyncClient object at 0x73e893c3aba0>
request = <Request('GET', 'http://test/api/v1/users/')>

    async def _send_single_request(self, request: Request) -> Response:
        """
        Sends a single request, without handling any redirections.
        """
        transport = self._transport_for_url(request.url)
        start = time.perf_counter()
    
        if not isinstance(request.stream, AsyncByteStream):
            raise RuntimeError(
                "Attempted to send an sync request with an AsyncClient instance."
            )
    
        with request_context(request=request):
>           response = await transport.handle_async_request(request)
                       ^^^^^^^^^^^^^^^^^^^^^^^^^^^^^^^^^^^^^^^^^^^^^

.venv/lib/python3.14/site-packages/httpx/_client.py:1730: 
_ _ _ _ _ _ _ _ _ _ _ _ _ _ _ _ _ _ _ _ _ _ _ _ _ _ _ _ _ _ _ _ _ _ _ _ _ _ _ _ 

self = <httpx.ASGITransport object at 0x73e893c39a90>
request = <Request('GET', 'http://test/api/v1/users/')>

    async def handle_async_request(
        self,
        request: Request,
    ) -> Response:
        assert isinstance(request.stream, AsyncByteStream)
    
        # ASGI scope.
        scope = {
            "type": "http",
            "asgi": {"version": "3.0"},
            "http_version": "1.1",
            "method": request.method,
            "headers": [(k.lower(), v) for (k, v) in request.headers.raw],
            "scheme": request.url.scheme,
            "path": request.url.path,
            "raw_path": request.url.raw_path.split(b"?")[0],
            "query_string": request.url.query,
            "server": (request.url.host, request.url.port),
            "client": self.client,
            "root_path": self.root_path,
        }
    
        # Request.
        request_body_chunks = request.stream.__aiter__()
        request_complete = False
    
        # Response.
        status_code = None
        response_headers = None
        body_parts = []
        response_started = False
        response_complete = create_event()
    
        # ASGI callables.
    
        async def receive() -> dict[str, typing.Any]:
            nonlocal request_complete
    
            if request_complete:
                await response_complete.wait()
                return {"type": "http.disconnect"}
    
            try:
                body = await request_body_chunks.__anext__()
            except StopAsyncIteration:
                request_complete = True
                return {"type": "http.request", "body": b"", "more_body": False}
            return {"type": "http.request", "body": body, "more_body": True}
    
        async def send(message: typing.MutableMapping[str, typing.Any]) -> None:
            nonlocal status_code, response_headers, response_started
    
            if message["type"] == "http.response.start":
                assert not response_started
    
                status_code = message["status"]
                response_headers = message.get("headers", [])
                response_started = True
    
            elif message["type"] == "http.response.body":
                assert not response_complete.is_set()
                body = message.get("body", b"")
                more_body = message.get("more_body", False)
    
                if body and request.method != "HEAD":
                    body_parts.append(body)
    
                if not more_body:
                    response_complete.set()
    
        try:
>           await self.app(scope, receive, send)

.venv/lib/python3.14/site-packages/httpx/_transports/asgi.py:170: 
_ _ _ _ _ _ _ _ _ _ _ _ _ _ _ _ _ _ _ _ _ _ _ _ _ _ _ _ _ _ _ _ _ _ _ _ _ _ _ _ 

self = <fastapi.applications.FastAPI object at 0x73e893d48ad0>
scope = {'type': 'http', 'asgi': {'version': '3.0'}, 'http_version': '1.1', 'method': 'GET', ...}
receive = <function ASGITransport.handle_async_request.<locals>.receive at 0x73e893c6e980>
send = <function ASGITransport.handle_async_request.<locals>.send at 0x73e893c6eda0>

    async def __call__(self, scope: Scope, receive: Receive, send: Send) -> None:
        if self.root_path:
            scope["root_path"] = self.root_path
>       await super().__call__(scope, receive, send)

.venv/lib/python3.14/site-packages/fastapi/applications.py:1163: 
_ _ _ _ _ _ _ _ _ _ _ _ _ _ _ _ _ _ _ _ _ _ _ _ _ _ _ _ _ _ _ _ _ _ _ _ _ _ _ _ 

self = <fastapi.applications.FastAPI object at 0x73e893d48ad0>
scope = {'type': 'http', 'asgi': {'version': '3.0'}, 'http_version': '1.1', 'method': 'GET', ...}
receive = <function ASGITransport.handle_async_request.<locals>.receive at 0x73e893c6e980>
send = <function ASGITransport.handle_async_request.<locals>.send at 0x73e893c6eda0>

    async def __call__(self, scope: Scope, receive: Receive, send: Send) -> None:
        scope["app"] = self
        if self.middleware_stack is None:
            self.middleware_stack = self.build_middleware_stack()
>       await self.middleware_stack(scope, receive, send)

.venv/lib/python3.14/site-packages/starlette/applications.py:90: 
_ _ _ _ _ _ _ _ _ _ _ _ _ _ _ _ _ _ _ _ _ _ _ _ _ _ _ _ _ _ _ _ _ _ _ _ _ _ _ _ 

self = <starlette.middleware.errors.ServerErrorMiddleware object at 0x73e893ca1400>
scope = {'type': 'http', 'asgi': {'version': '3.0'}, 'http_version': '1.1', 'method': 'GET', ...}
receive = <function ASGITransport.handle_async_request.<locals>.receive at 0x73e893c6e980>
send = <function ASGITransport.handle_async_request.<locals>.send at 0x73e893c6eda0>

    async def __call__(self, scope: Scope, receive: Receive, send: Send) -> None:
        if scope["type"] != "http":
            await self.app(scope, receive, send)
            return
    
        response_started = False
    
        async def _send(message: Message) -> None:
            nonlocal response_started, send
    
            if message["type"] == "http.response.start":
                response_started = True
            await send(message)
    
        try:
            await self.app(scope, receive, _send)
        except Exception as exc:
            request = Request(scope)
            if self.debug:
                # In debug mode, return traceback responses.
                response = self.debug_response(request, exc)
            elif self.handler is None:
                # Use our default 500 error handler.
                response = self.error_response(request, exc)
            else:
                # Use an installed 500 error handler.
                if is_async_callable(self.handler):
                    response = await self.handler(request, exc)  # type: ignore[assignment, arg-type]
                else:
                    response = await run_in_threadpool(self.handler, request, exc)  # type: ignore[arg-type]
    
            if not response_started:
                await response(scope, receive, send)
    
            # We always continue to raise the exception.
            # This allows servers to log the error, or allows test clients
            # to optionally raise the error within the test case.
>           raise exc

.venv/lib/python3.14/site-packages/starlette/middleware/errors.py:186: 
_ _ _ _ _ _ _ _ _ _ _ _ _ _ _ _ _ _ _ _ _ _ _ _ _ _ _ _ _ _ _ _ _ _ _ _ _ _ _ _ 

self = <starlette.middleware.errors.ServerErrorMiddleware object at 0x73e893ca1400>
scope = {'type': 'http', 'asgi': {'version': '3.0'}, 'http_version': '1.1', 'method': 'GET', ...}
receive = <function ASGITransport.handle_async_request.<locals>.receive at 0x73e893c6e980>
send = <function ASGITransport.handle_async_request.<locals>.send at 0x73e893c6eda0>

    async def __call__(self, scope: Scope, receive: Receive, send: Send) -> None:
        if scope["type"] != "http":
            await self.app(scope, receive, send)
            return
    
        response_started = False
    
        async def _send(message: Message) -> None:
            nonlocal response_started, send
    
            if message["type"] == "http.response.start":
                response_started = True
            await send(message)
    
        try:
>           await self.app(scope, receive, _send)

.venv/lib/python3.14/site-packages/starlette/middleware/errors.py:164: 
_ _ _ _ _ _ _ _ _ _ _ _ _ _ _ _ _ _ _ _ _ _ _ _ _ _ _ _ _ _ _ _ _ _ _ _ _ _ _ _ 

self = <starlette.middleware.cors.CORSMiddleware object at 0x73e893ca12b0>
scope = {'type': 'http', 'asgi': {'version': '3.0'}, 'http_version': '1.1', 'method': 'GET', ...}
receive = <function ASGITransport.handle_async_request.<locals>.receive at 0x73e893c6e980>
send = <function ServerErrorMiddleware.__call__.<locals>._send at 0x73e893c6e560>

    async def __call__(self, scope: Scope, receive: Receive, send: Send) -> None:
        if scope["type"] != "http":  # pragma: no cover
            await self.app(scope, receive, send)
            return
    
        method = scope["method"]
        headers = Headers(scope=scope)
        origin = headers.get("origin")
    
        if origin is None:
>           await self.app(scope, receive, send)

.venv/lib/python3.14/site-packages/starlette/middleware/cors.py:88: 
_ _ _ _ _ _ _ _ _ _ _ _ _ _ _ _ _ _ _ _ _ _ _ _ _ _ _ _ _ _ _ _ _ _ _ _ _ _ _ _ 

self = <starlette.middleware.exceptions.ExceptionMiddleware object at 0x73e893ca1160>
scope = {'type': 'http', 'asgi': {'version': '3.0'}, 'http_version': '1.1', 'method': 'GET', ...}
receive = <function ASGITransport.handle_async_request.<locals>.receive at 0x73e893c6e980>
send = <function ServerErrorMiddleware.__call__.<locals>._send at 0x73e893c6e560>

    async def __call__(self, scope: Scope, receive: Receive, send: Send) -> None:
        if scope["type"] not in ("http", "websocket"):
            await self.app(scope, receive, send)
            return
    
        scope["starlette.exception_handlers"] = (
            self._exception_handlers,
            self._status_handlers,
        )
    
        conn: Request | WebSocket
        if scope["type"] == "http":
            conn = Request(scope, receive, send)
        else:
            conn = WebSocket(scope, receive, send)
    
>       await wrap_app_handling_exceptions(self.app, conn)(scope, receive, send)

.venv/lib/python3.14/site-packages/starlette/middleware/exceptions.py:63: 
_ _ _ _ _ _ _ _ _ _ _ _ _ _ _ _ _ _ _ _ _ _ _ _ _ _ _ _ _ _ _ _ _ _ _ _ _ _ _ _ 

scope = {'type': 'http', 'asgi': {'version': '3.0'}, 'http_version': '1.1', 'method': 'GET', ...}
receive = <function ASGITransport.handle_async_request.<locals>.receive at 0x73e893c6e980>
send = <function ServerErrorMiddleware.__call__.<locals>._send at 0x73e893c6e560>

    async def wrapped_app(scope: Scope, receive: Receive, send: Send) -> None:
        response_started = False
    
        async def sender(message: Message) -> None:
            nonlocal response_started
    
            if message["type"] == "http.response.start":
                response_started = True
            await send(message)
    
        try:
            await app(scope, receive, sender)
        except Exception as exc:
            handler = None
    
            if isinstance(exc, HTTPException):
                handler = status_handlers.get(exc.status_code)
    
            if handler is None:
                handler = _lookup_exception_handler(exception_handlers, exc)
    
            if handler is None:
>               raise exc

.venv/lib/python3.14/site-packages/starlette/_exception_handler.py:53: 
_ _ _ _ _ _ _ _ _ _ _ _ _ _ _ _ _ _ _ _ _ _ _ _ _ _ _ _ _ _ _ _ _ _ _ _ _ _ _ _ 

scope = {'type': 'http', 'asgi': {'version': '3.0'}, 'http_version': '1.1', 'method': 'GET', ...}
receive = <function ASGITransport.handle_async_request.<locals>.receive at 0x73e893c6e980>
send = <function ServerErrorMiddleware.__call__.<locals>._send at 0x73e893c6e560>

    async def wrapped_app(scope: Scope, receive: Receive, send: Send) -> None:
        response_started = False
    
        async def sender(message: Message) -> None:
            nonlocal response_started
    
            if message["type"] == "http.response.start":
                response_started = True
            await send(message)
    
        try:
>           await app(scope, receive, sender)

.venv/lib/python3.14/site-packages/starlette/_exception_handler.py:42: 
_ _ _ _ _ _ _ _ _ _ _ _ _ _ _ _ _ _ _ _ _ _ _ _ _ _ _ _ _ _ _ _ _ _ _ _ _ _ _ _ 

self = <fastapi.middleware.asyncexitstack.AsyncExitStackMiddleware object at 0x73e893ca1010>
scope = {'type': 'http', 'asgi': {'version': '3.0'}, 'http_version': '1.1', 'method': 'GET', ...}
receive = <function ASGITransport.handle_async_request.<locals>.receive at 0x73e893c6e980>
send = <function wrap_app_handling_exceptions.<locals>.wrapped_app.<locals>.sender at 0x73e893c90880>

    async def __call__(self, scope: Scope, receive: Receive, send: Send) -> None:
        async with AsyncExitStack() as stack:
            scope[self.context_name] = stack
>           await self.app(scope, receive, send)

.venv/lib/python3.14/site-packages/fastapi/middleware/asyncexitstack.py:18: 
_ _ _ _ _ _ _ _ _ _ _ _ _ _ _ _ _ _ _ _ _ _ _ _ _ _ _ _ _ _ _ _ _ _ _ _ _ _ _ _ 

self = <fastapi.routing.APIRouter object at 0x73e893d33570>
scope = {'type': 'http', 'asgi': {'version': '3.0'}, 'http_version': '1.1', 'method': 'GET', ...}
receive = <function ASGITransport.handle_async_request.<locals>.receive at 0x73e893c6e980>
send = <function wrap_app_handling_exceptions.<locals>.wrapped_app.<locals>.sender at 0x73e893c90880>

    async def __call__(self, scope: Scope, receive: Receive, send: Send) -> None:
        """
        The main entry point to the Router class.
        """
>       await self.middleware_stack(scope, receive, send)

.venv/lib/python3.14/site-packages/starlette/routing.py:660: 
_ _ _ _ _ _ _ _ _ _ _ _ _ _ _ _ _ _ _ _ _ _ _ _ _ _ _ _ _ _ _ _ _ _ _ _ _ _ _ _ 

self = <fastapi.routing.APIRouter object at 0x73e893d33570>
scope = {'type': 'http', 'asgi': {'version': '3.0'}, 'http_version': '1.1', 'method': 'GET', ...}
receive = <function ASGITransport.handle_async_request.<locals>.receive at 0x73e893c6e980>
send = <function wrap_app_handling_exceptions.<locals>.wrapped_app.<locals>.sender at 0x73e893c90880>

    async def app(self, scope: Scope, receive: Receive, send: Send) -> None:
        assert scope["type"] in ("http", "websocket", "lifespan")
    
        if "router" not in scope:
            scope["router"] = self
    
        if scope["type"] == "lifespan":
            await self.lifespan(scope, receive, send)
            return
    
        partial: tuple[BaseRoute, Scope] | None = None
        for route in self.routes:
            match, child_scope = route.matches(scope)
            if match == Match.FULL:
                scope.update(child_scope)
>               await route.handle(scope, receive, send)

.venv/lib/python3.14/site-packages/fastapi/routing.py:2543: 
_ _ _ _ _ _ _ _ _ _ _ _ _ _ _ _ _ _ _ _ _ _ _ _ _ _ _ _ _ _ _ _ _ _ _ _ _ _ _ _ 

self = _IncludedRouter(original_router=<fastapi.routing.APIRouter object at 0x73e893fa0050>, include_context=_RouterIncludeCo...ne)], _effective_candidates_version=17, _effective_low_priority_routes=[], _effective_low_priority_routes_version=None)
scope = {'type': 'http', 'asgi': {'version': '3.0'}, 'http_version': '1.1', 'method': 'GET', ...}
receive = <function ASGITransport.handle_async_request.<locals>.receive at 0x73e893c6e980>
send = <function wrap_app_handling_exceptions.<locals>.wrapped_app.<locals>.sender at 0x73e893c90880>

    async def handle(self, scope: Scope, receive: Receive, send: Send) -> None:
        _get_fastapi_scope(scope)[_FASTAPI_INCLUDED_ROUTER_KEY] = self
>       await self.original_router.handle(scope, receive, send)

.venv/lib/python3.14/site-packages/fastapi/routing.py:1700: 
_ _ _ _ _ _ _ _ _ _ _ _ _ _ _ _ _ _ _ _ _ _ _ _ _ _ _ _ _ _ _ _ _ _ _ _ _ _ _ _ 

self = <fastapi.routing.APIRouter object at 0x73e893fa0050>
scope = {'type': 'http', 'asgi': {'version': '3.0'}, 'http_version': '1.1', 'method': 'GET', ...}
receive = <function ASGITransport.handle_async_request.<locals>.receive at 0x73e893c6e980>
send = <function wrap_app_handling_exceptions.<locals>.wrapped_app.<locals>.sender at 0x73e893c90880>

    async def handle(self, scope: Scope, receive: Receive, send: Send) -> None:
        included_router = _get_scope_included_router(scope)
        if (
            isinstance(included_router, _IncludedRouter)
            and included_router.original_router is self
        ):
>           await included_router._handle_selected(scope, receive, send)

.venv/lib/python3.14/site-packages/fastapi/routing.py:2598: 
_ _ _ _ _ _ _ _ _ _ _ _ _ _ _ _ _ _ _ _ _ _ _ _ _ _ _ _ _ _ _ _ _ _ _ _ _ _ _ _ 

self = _IncludedRouter(original_router=<fastapi.routing.APIRouter object at 0x73e893fa0050>, include_context=_RouterIncludeCo...ne)], _effective_candidates_version=17, _effective_low_priority_routes=[], _effective_low_priority_routes_version=None)
scope = {'type': 'http', 'asgi': {'version': '3.0'}, 'http_version': '1.1', 'method': 'GET', ...}
receive = <function ASGITransport.handle_async_request.<locals>.receive at 0x73e893c6e980>
send = <function wrap_app_handling_exceptions.<locals>.wrapped_app.<locals>.sender at 0x73e893c90880>

    async def _handle_selected(
        self, scope: Scope, receive: Receive, send: Send
    ) -> None:
        match, child_scope, route, effective_context = self._match(scope)
        if match == Match.NONE or route is None:
            await self.original_router.default(scope, receive, send)
            return
        scope.update(child_scope)
        if isinstance(route, _IncludedRouter):
>           await route.handle(scope, receive, send)

.venv/lib/python3.14/site-packages/fastapi/routing.py:1711: 
_ _ _ _ _ _ _ _ _ _ _ _ _ _ _ _ _ _ _ _ _ _ _ _ _ _ _ _ _ _ _ _ _ _ _ _ _ _ _ _ 

self = _IncludedRouter(original_router=<fastapi.routing.APIRouter object at 0x73e8940aa710>, include_context=_RouterIncludeCo...lse)], _effective_candidates_version=4, _effective_low_priority_routes=[], _effective_low_priority_routes_version=None)
scope = {'type': 'http', 'asgi': {'version': '3.0'}, 'http_version': '1.1', 'method': 'GET', ...}
receive = <function ASGITransport.handle_async_request.<locals>.receive at 0x73e893c6e980>
send = <function wrap_app_handling_exceptions.<locals>.wrapped_app.<locals>.sender at 0x73e893c90880>

    async def handle(self, scope: Scope, receive: Receive, send: Send) -> None:
        _get_fastapi_scope(scope)[_FASTAPI_INCLUDED_ROUTER_KEY] = self
>       await self.original_router.handle(scope, receive, send)

.venv/lib/python3.14/site-packages/fastapi/routing.py:1700: 
_ _ _ _ _ _ _ _ _ _ _ _ _ _ _ _ _ _ _ _ _ _ _ _ _ _ _ _ _ _ _ _ _ _ _ _ _ _ _ _ 

self = <fastapi.routing.APIRouter object at 0x73e8940aa710>
scope = {'type': 'http', 'asgi': {'version': '3.0'}, 'http_version': '1.1', 'method': 'GET', ...}
receive = <function ASGITransport.handle_async_request.<locals>.receive at 0x73e893c6e980>
send = <function wrap_app_handling_exceptions.<locals>.wrapped_app.<locals>.sender at 0x73e893c90880>

    async def handle(self, scope: Scope, receive: Receive, send: Send) -> None:
        included_router = _get_scope_included_router(scope)
        if (
            isinstance(included_router, _IncludedRouter)
            and included_router.original_router is self
        ):
>           await included_router._handle_selected(scope, receive, send)

.venv/lib/python3.14/site-packages/fastapi/routing.py:2598: 
_ _ _ _ _ _ _ _ _ _ _ _ _ _ _ _ _ _ _ _ _ _ _ _ _ _ _ _ _ _ _ _ _ _ _ _ _ _ _ _ 

self = _IncludedRouter(original_router=<fastapi.routing.APIRouter object at 0x73e8940aa710>, include_context=_RouterIncludeCo...lse)], _effective_candidates_version=4, _effective_low_priority_routes=[], _effective_low_priority_routes_version=None)
scope = {'type': 'http', 'asgi': {'version': '3.0'}, 'http_version': '1.1', 'method': 'GET', ...}
receive = <function ASGITransport.handle_async_request.<locals>.receive at 0x73e893c6e980>
send = <function wrap_app_handling_exceptions.<locals>.wrapped_app.<locals>.sender at 0x73e893c90880>

    async def _handle_selected(
        self, scope: Scope, receive: Receive, send: Send
    ) -> None:
        match, child_scope, route, effective_context = self._match(scope)
        if match == Match.NONE or route is None:
            await self.original_router.default(scope, receive, send)
            return
        scope.update(child_scope)
        if isinstance(route, _IncludedRouter):
            await route.handle(scope, receive, send)
            return
        if effective_context is not None:
            _get_fastapi_scope(scope)[_FASTAPI_EFFECTIVE_ROUTE_CONTEXT_KEY] = (
                effective_context
            )
            original_route = effective_context.original_route
            if isinstance(original_route, APIRoute):
                scope["route"] = original_route
>               await original_route.handle(scope, receive, send)

.venv/lib/python3.14/site-packages/fastapi/routing.py:1720: 
_ _ _ _ _ _ _ _ _ _ _ _ _ _ _ _ _ _ _ _ _ _ _ _ _ _ _ _ _ _ _ _ _ _ _ _ _ _ _ _ 

self = APIRoute(path='/', name='list_users', methods=['GET'])
scope = {'type': 'http', 'asgi': {'version': '3.0'}, 'http_version': '1.1', 'method': 'GET', ...}
receive = <function ASGITransport.handle_async_request.<locals>.receive at 0x73e893c6e980>
send = <function wrap_app_handling_exceptions.<locals>.wrapped_app.<locals>.sender at 0x73e893c90880>

    async def handle(self, scope: Scope, receive: Receive, send: Send) -> None:
        effective_context = _get_scope_effective_route_context(scope)
        if effective_context is not None and effective_context.original_route is self:
            methods = effective_context.methods
            if methods and scope["method"] not in methods:
                headers = {"Allow": ", ".join(methods)}
                if "app" in scope:
                    raise HTTPException(status_code=405, headers=headers)
                response = PlainTextResponse(
                    "Method Not Allowed", status_code=405, headers=headers
                )
                await response(scope, receive, send)
                return
            token = _effective_route_context_var.set(effective_context)
            try:
                app = request_response(self.get_route_handler())
            finally:
                _effective_route_context_var.reset(token)
>           await app(scope, receive, send)

.venv/lib/python3.14/site-packages/fastapi/routing.py:1239: 
_ _ _ _ _ _ _ _ _ _ _ _ _ _ _ _ _ _ _ _ _ _ _ _ _ _ _ _ _ _ _ _ _ _ _ _ _ _ _ _ 

scope = {'type': 'http', 'asgi': {'version': '3.0'}, 'http_version': '1.1', 'method': 'GET', ...}
receive = <function ASGITransport.handle_async_request.<locals>.receive at 0x73e893c6e980>
send = <function wrap_app_handling_exceptions.<locals>.wrapped_app.<locals>.sender at 0x73e893c90880>

    async def app(scope: Scope, receive: Receive, send: Send) -> None:
        request = Request(scope, receive, send)
    
        async def app(scope: Scope, receive: Receive, send: Send) -> None:
            # Starts customization
            response_awaited = False
            async with AsyncExitStack() as request_stack:
                scope["fastapi_inner_astack"] = request_stack
                async with AsyncExitStack() as function_stack:
                    scope["fastapi_function_astack"] = function_stack
                    response = await f(request)
                await response(scope, receive, send)
                # Continues customization
                response_awaited = True
            if not response_awaited:
                raise FastAPIError(
                    "Response not awaited. There's a high chance that the "
                    "application code is raising an exception and a dependency with yield "
                    "has a block with a bare except, or a block with except Exception, "
                    "and is not raising the exception again. Read more about it in the "
                    "docs: https://fastapi.tiangolo.com/tutorial/dependencies/dependencies-with-yield/#dependencies-with-yield-and-except"
                )
    
        # Same as in Starlette
>       await wrap_app_handling_exceptions(app, request)(scope, receive, send)

.venv/lib/python3.14/site-packages/fastapi/routing.py:150: 
_ _ _ _ _ _ _ _ _ _ _ _ _ _ _ _ _ _ _ _ _ _ _ _ _ _ _ _ _ _ _ _ _ _ _ _ _ _ _ _ 

scope = {'type': 'http', 'asgi': {'version': '3.0'}, 'http_version': '1.1', 'method': 'GET', ...}
receive = <function ASGITransport.handle_async_request.<locals>.receive at 0x73e893c6e980>
send = <function wrap_app_handling_exceptions.<locals>.wrapped_app.<locals>.sender at 0x73e893c90880>

    async def wrapped_app(scope: Scope, receive: Receive, send: Send) -> None:
        response_started = False
    
        async def sender(message: Message) -> None:
            nonlocal response_started
    
            if message["type"] == "http.response.start":
                response_started = True
            await send(message)
    
        try:
            await app(scope, receive, sender)
        except Exception as exc:
            handler = None
    
            if isinstance(exc, HTTPException):
                handler = status_handlers.get(exc.status_code)
    
            if handler is None:
                handler = _lookup_exception_handler(exception_handlers, exc)
    
            if handler is None:
>               raise exc

.venv/lib/python3.14/site-packages/starlette/_exception_handler.py:53: 
_ _ _ _ _ _ _ _ _ _ _ _ _ _ _ _ _ _ _ _ _ _ _ _ _ _ _ _ _ _ _ _ _ _ _ _ _ _ _ _ 

scope = {'type': 'http', 'asgi': {'version': '3.0'}, 'http_version': '1.1', 'method': 'GET', ...}
receive = <function ASGITransport.handle_async_request.<locals>.receive at 0x73e893c6e980>
send = <function wrap_app_handling_exceptions.<locals>.wrapped_app.<locals>.sender at 0x73e893c90880>

    async def wrapped_app(scope: Scope, receive: Receive, send: Send) -> None:
        response_started = False
    
        async def sender(message: Message) -> None:
            nonlocal response_started
    
            if message["type"] == "http.response.start":
                response_started = True
            await send(message)
    
        try:
>           await app(scope, receive, sender)

.venv/lib/python3.14/site-packages/starlette/_exception_handler.py:42: 
_ _ _ _ _ _ _ _ _ _ _ _ _ _ _ _ _ _ _ _ _ _ _ _ _ _ _ _ _ _ _ _ _ _ _ _ _ _ _ _ 

scope = {'type': 'http', 'asgi': {'version': '3.0'}, 'http_version': '1.1', 'method': 'GET', ...}
receive = <function ASGITransport.handle_async_request.<locals>.receive at 0x73e893c6e980>
send = <function wrap_app_handling_exceptions.<locals>.wrapped_app.<locals>.sender at 0x73e893c93b60>

    async def app(scope: Scope, receive: Receive, send: Send) -> None:
        # Starts customization
        response_awaited = False
        async with AsyncExitStack() as request_stack:
            scope["fastapi_inner_astack"] = request_stack
            async with AsyncExitStack() as function_stack:
                scope["fastapi_function_astack"] = function_stack
>               response = await f(request)
                           ^^^^^^^^^^^^^^^^

.venv/lib/python3.14/site-packages/fastapi/routing.py:136: 
_ _ _ _ _ _ _ _ _ _ _ _ _ _ _ _ _ _ _ _ _ _ _ _ _ _ _ _ _ _ _ _ _ _ _ _ _ _ _ _ 

request = <starlette.requests.Request object at 0x73e893328050>

    async def app(request: Request) -> Response:
        response: Response | None = None
        file_stack = request.scope.get("fastapi_middleware_astack")
        assert isinstance(file_stack, AsyncExitStack), (
            "fastapi_middleware_astack not found in request scope"
        )
    
        # Extract endpoint context for error messages
        endpoint_ctx = (
            _extract_endpoint_context(dependant.call)
            if dependant.call
            else EndpointContext()
        )
    
        if dependant.path:
            # For mounted sub-apps, include the mount path prefix
            mount_path = request.scope.get("root_path", "").rstrip("/")
            endpoint_ctx["path"] = f"{request.method} {mount_path}{dependant.path}"
    
        # Read body and auto-close files
        try:
            body: Any = None
            if body_field:
                if is_body_form:
                    body = await request.form()
                    file_stack.push_async_callback(body.close)
                else:
                    body_bytes = await request.body()
                    if body_bytes:
                        json_body: Any = Undefined
                        content_type_value = request.headers.get("content-type")
                        if not content_type_value:
                            if not actual_strict_content_type:
                                json_body = await request.json()
                        else:
                            message = email.message.Message()
                            message["content-type"] = content_type_value
                            if message.get_content_maintype() == "application":
                                subtype = message.get_content_subtype()
                                if subtype == "json" or subtype.endswith("+json"):
                                    json_body = await request.json()
                        if json_body != Undefined:
                            body = json_body
                        else:
                            body = body_bytes
        except json.JSONDecodeError as e:
            validation_error = RequestValidationError(
                [
                    {
                        "type": "json_invalid",
                        "loc": ("body", e.pos),
                        "msg": "JSON decode error",
                        "input": {},
                        "ctx": {"error": e.msg},
                    }
                ],
                body=e.doc,
                endpoint_ctx=endpoint_ctx,
            )
            raise validation_error from e
        except HTTPException:
            # If a middleware raises an HTTPException, it should be raised again
            raise
        except Exception as e:
            http_error = HTTPException(
                status_code=400, detail="There was an error parsing the body"
            )
            raise http_error from e
    
        # Solve dependencies and run path operation function, auto-closing dependencies
        errors: list[Any] = []
        async_exit_stack = request.scope.get("fastapi_inner_astack")
        assert isinstance(async_exit_stack, AsyncExitStack), (
            "fastapi_inner_astack not found in request scope"
        )
>       solved_result = await solve_dependencies(
            request=request,
            dependant=dependant,
            body=cast(dict[str, Any] | FormData | bytes | None, body),
            dependency_overrides_provider=dependency_overrides_provider,
            async_exit_stack=async_exit_stack,
            embed_body_fields=embed_body_fields,
        )

.venv/lib/python3.14/site-packages/fastapi/routing.py:473: 
_ _ _ _ _ _ _ _ _ _ _ _ _ _ _ _ _ _ _ _ _ _ _ _ _ _ _ _ _ _ _ _ _ _ _ _ _ _ _ _ 

request = <starlette.requests.Request object at 0x73e893328050>
dependant = Dependant(path_params=[], query_params=[ModelField(field_info=Query(0), name='skip', mode='validation', config=None), ...am_name=None, own_oauth_scopes=None, parent_oauth_scopes=None, use_cache=True, path='/api/v1/users/', scope='function')
body = None, background_tasks = None
response = <starlette.responses.Response object at 0x73e893cba210>
dependency_overrides_provider = <fastapi.applications.FastAPI object at 0x73e893d48ad0>
dependency_cache = {(<function get_db at 0x73e895171900>, (), 'request'): <sqlalchemy.ext.asyncio.session.AsyncSession object at 0x73e893...mE5NmM3NTViLTg0MjMtNDJkNy04M2NkLTdhYTAzZmUxMTliYiIsInR5cGUiOiJhY2Nlc3MifQ.9rFtRY0_k8fTAh77-CW7l4Vcs407J_MiQUgZvby4W3Y'}
async_exit_stack = <contextlib.AsyncExitStack object at 0x73e893328180>
embed_body_fields = False

    async def solve_dependencies(
        *,
        request: Request | WebSocket,
        dependant: Dependant,
        body: dict[str, Any] | FormData | bytes | None = None,
        background_tasks: StarletteBackgroundTasks | None = None,
        response: Response | None = None,
        dependency_overrides_provider: Any | None = None,
        dependency_cache: dict[DependencyCacheKey, Any] | None = None,
        # TODO: remove this parameter later, no longer used, not removing it yet as some
        # people might be monkey patching this function (although that's not supported)
        async_exit_stack: AsyncExitStack,
        embed_body_fields: bool,
    ) -> SolvedDependency:
        request_astack = request.scope.get("fastapi_inner_astack")
        assert isinstance(request_astack, AsyncExitStack), (
            "fastapi_inner_astack not found in request scope"
        )
        function_astack = request.scope.get("fastapi_function_astack")
        assert isinstance(function_astack, AsyncExitStack), (
            "fastapi_function_astack not found in request scope"
        )
        values: dict[str, Any] = {}
        errors: list[Any] = []
        if response is None:
            response = Response()
            del response.headers["content-length"]
            response.status_code = None  # type: ignore
        if dependency_cache is None:
            dependency_cache = {}
        for sub_dependant in dependant.dependencies:
            sub_dependant.call = cast(Callable[..., Any], sub_dependant.call)
            call = sub_dependant.call
            use_sub_dependant = sub_dependant
            if (
                dependency_overrides_provider
                and dependency_overrides_provider.dependency_overrides
            ):
                original_call = sub_dependant.call
                call = getattr(
                    dependency_overrides_provider, "dependency_overrides", {}
                ).get(original_call, original_call)
                use_path: str = sub_dependant.path  # type: ignore
                use_sub_dependant = get_dependant(
                    path=use_path,
                    call=call,
                    name=sub_dependant.name,
                    parent_oauth_scopes=sub_dependant.oauth_scopes,
                    scope=sub_dependant.scope,
                )
    
>           solved_result = await solve_dependencies(
                request=request,
                dependant=use_sub_dependant,
                body=body,
                background_tasks=background_tasks,
                response=response,
                dependency_overrides_provider=dependency_overrides_provider,
                dependency_cache=dependency_cache,
                async_exit_stack=async_exit_stack,
                embed_body_fields=embed_body_fields,
            )

.venv/lib/python3.14/site-packages/fastapi/dependencies/utils.py:649: 
_ _ _ _ _ _ _ _ _ _ _ _ _ _ _ _ _ _ _ _ _ _ _ _ _ _ _ _ _ _ _ _ _ _ _ _ _ _ _ _ 

request = <starlette.requests.Request object at 0x73e893328050>
dependant = Dependant(path_params=[], query_params=[], header_params=[], cookie_params=[], body_params=[], dependencies=[Dependant...opes_param_name=None, own_oauth_scopes=None, parent_oauth_scopes=[], use_cache=True, path='/api/v1/users/', scope=None)
body = None, background_tasks = None
response = <starlette.responses.Response object at 0x73e893cba210>
dependency_overrides_provider = <fastapi.applications.FastAPI object at 0x73e893d48ad0>
dependency_cache = {(<function get_db at 0x73e895171900>, (), 'request'): <sqlalchemy.ext.asyncio.session.AsyncSession object at 0x73e893...mE5NmM3NTViLTg0MjMtNDJkNy04M2NkLTdhYTAzZmUxMTliYiIsInR5cGUiOiJhY2Nlc3MifQ.9rFtRY0_k8fTAh77-CW7l4Vcs407J_MiQUgZvby4W3Y'}
async_exit_stack = <contextlib.AsyncExitStack object at 0x73e893328180>
embed_body_fields = False

    async def solve_dependencies(
        *,
        request: Request | WebSocket,
        dependant: Dependant,
        body: dict[str, Any] | FormData | bytes | None = None,
        background_tasks: StarletteBackgroundTasks | None = None,
        response: Response | None = None,
        dependency_overrides_provider: Any | None = None,
        dependency_cache: dict[DependencyCacheKey, Any] | None = None,
        # TODO: remove this parameter later, no longer used, not removing it yet as some
        # people might be monkey patching this function (although that's not supported)
        async_exit_stack: AsyncExitStack,
        embed_body_fields: bool,
    ) -> SolvedDependency:
        request_astack = request.scope.get("fastapi_inner_astack")
        assert isinstance(request_astack, AsyncExitStack), (
            "fastapi_inner_astack not found in request scope"
        )
        function_astack = request.scope.get("fastapi_function_astack")
        assert isinstance(function_astack, AsyncExitStack), (
            "fastapi_function_astack not found in request scope"
        )
        values: dict[str, Any] = {}
        errors: list[Any] = []
        if response is None:
            response = Response()
            del response.headers["content-length"]
            response.status_code = None  # type: ignore
        if dependency_cache is None:
            dependency_cache = {}
        for sub_dependant in dependant.dependencies:
            sub_dependant.call = cast(Callable[..., Any], sub_dependant.call)
            call = sub_dependant.call
            use_sub_dependant = sub_dependant
            if (
                dependency_overrides_provider
                and dependency_overrides_provider.dependency_overrides
            ):
                original_call = sub_dependant.call
                call = getattr(
                    dependency_overrides_provider, "dependency_overrides", {}
                ).get(original_call, original_call)
                use_path: str = sub_dependant.path  # type: ignore
                use_sub_dependant = get_dependant(
                    path=use_path,
                    call=call,
                    name=sub_dependant.name,
                    parent_oauth_scopes=sub_dependant.oauth_scopes,
                    scope=sub_dependant.scope,
                )
    
>           solved_result = await solve_dependencies(
                request=request,
                dependant=use_sub_dependant,
                body=body,
                background_tasks=background_tasks,
                response=response,
                dependency_overrides_provider=dependency_overrides_provider,
                dependency_cache=dependency_cache,
                async_exit_stack=async_exit_stack,
                embed_body_fields=embed_body_fields,
            )

.venv/lib/python3.14/site-packages/fastapi/dependencies/utils.py:649: 
_ _ _ _ _ _ _ _ _ _ _ _ _ _ _ _ _ _ _ _ _ _ _ _ _ _ _ _ _ _ _ _ _ _ _ _ _ _ _ _ 

request = <starlette.requests.Request object at 0x73e893328050>
dependant = Dependant(path_params=[], query_params=[], header_params=[], cookie_params=[], body_params=[], dependencies=[Dependant...opes_param_name=None, own_oauth_scopes=None, parent_oauth_scopes=[], use_cache=True, path='/api/v1/users/', scope=None)
body = None, background_tasks = None
response = <starlette.responses.Response object at 0x73e893cba210>
dependency_overrides_provider = <fastapi.applications.FastAPI object at 0x73e893d48ad0>
dependency_cache = {(<function get_db at 0x73e895171900>, (), 'request'): <sqlalchemy.ext.asyncio.session.AsyncSession object at 0x73e893...mE5NmM3NTViLTg0MjMtNDJkNy04M2NkLTdhYTAzZmUxMTliYiIsInR5cGUiOiJhY2Nlc3MifQ.9rFtRY0_k8fTAh77-CW7l4Vcs407J_MiQUgZvby4W3Y'}
async_exit_stack = <contextlib.AsyncExitStack object at 0x73e893328180>
embed_body_fields = False

    async def solve_dependencies(
        *,
        request: Request | WebSocket,
        dependant: Dependant,
        body: dict[str, Any] | FormData | bytes | None = None,
        background_tasks: StarletteBackgroundTasks | None = None,
        response: Response | None = None,
        dependency_overrides_provider: Any | None = None,
        dependency_cache: dict[DependencyCacheKey, Any] | None = None,
        # TODO: remove this parameter later, no longer used, not removing it yet as some
        # people might be monkey patching this function (although that's not supported)
        async_exit_stack: AsyncExitStack,
        embed_body_fields: bool,
    ) -> SolvedDependency:
        request_astack = request.scope.get("fastapi_inner_astack")
        assert isinstance(request_astack, AsyncExitStack), (
            "fastapi_inner_astack not found in request scope"
        )
        function_astack = request.scope.get("fastapi_function_astack")
        assert isinstance(function_astack, AsyncExitStack), (
            "fastapi_function_astack not found in request scope"
        )
        values: dict[str, Any] = {}
        errors: list[Any] = []
        if response is None:
            response = Response()
            del response.headers["content-length"]
            response.status_code = None  # type: ignore
        if dependency_cache is None:
            dependency_cache = {}
        for sub_dependant in dependant.dependencies:
            sub_dependant.call = cast(Callable[..., Any], sub_dependant.call)
            call = sub_dependant.call
            use_sub_dependant = sub_dependant
            if (
                dependency_overrides_provider
                and dependency_overrides_provider.dependency_overrides
            ):
                original_call = sub_dependant.call
                call = getattr(
                    dependency_overrides_provider, "dependency_overrides", {}
                ).get(original_call, original_call)
                use_path: str = sub_dependant.path  # type: ignore
                use_sub_dependant = get_dependant(
                    path=use_path,
                    call=call,
                    name=sub_dependant.name,
                    parent_oauth_scopes=sub_dependant.oauth_scopes,
                    scope=sub_dependant.scope,
                )
    
            solved_result = await solve_dependencies(
                request=request,
                dependant=use_sub_dependant,
                body=body,
                background_tasks=background_tasks,
                response=response,
                dependency_overrides_provider=dependency_overrides_provider,
                dependency_cache=dependency_cache,
                async_exit_stack=async_exit_stack,
                embed_body_fields=embed_body_fields,
            )
            background_tasks = solved_result.background_tasks
            if solved_result.errors:
                errors.extend(solved_result.errors)
                continue
            if sub_dependant.use_cache and sub_dependant.cache_key in dependency_cache:
                solved = dependency_cache[sub_dependant.cache_key]
            elif (
                use_sub_dependant.is_gen_callable or use_sub_dependant.is_async_gen_callable
            ):
                use_astack = request_astack
                if sub_dependant.scope == "function":
                    use_astack = function_astack
                solved = await _solve_generator(
                    dependant=use_sub_dependant,
                    stack=use_astack,
                    sub_values=solved_result.values,
                )
            elif use_sub_dependant.is_coroutine_callable:
>               solved = await call(**solved_result.values)
                         ^^^^^^^^^^^^^^^^^^^^^^^^^^^^^^^^^^

.venv/lib/python3.14/site-packages/fastapi/dependencies/utils.py:678: 
_ _ _ _ _ _ _ _ _ _ _ _ _ _ _ _ _ _ _ _ _ _ _ _ _ _ _ _ _ _ _ _ _ _ _ _ _ _ _ _ 

request = <starlette.requests.Request object at 0x73e893328050>
token = 'eyJhbGciOiJIUzI1NiIsInR5cCI6IkpXVCJ9.eyJleHAiOjE3ODI4MTkyNTgsInN1YiI6ImE5NmM3NTViLTg0MjMtNDJkNy04M2NkLTdhYTAzZmUxMTliYiIsInR5cGUiOiJhY2Nlc3MifQ.9rFtRY0_k8fTAh77-CW7l4Vcs407J_MiQUgZvby4W3Y'
user_repo = <app.repositories.user.UserRepository object at 0x73e893cba710>

    async def get_current_user(
        request: Request,
        token: str | None = Depends(oauth2_scheme),
        user_repo: UserRepository = Depends(get_user_repository)
    ) -> User:
        # 1. Fallback: Check cookies for browser requests (HTMX uses cookies)
        if not token:
            token = request.cookies.get("access_token")
            if token and token.startswith("Bearer "):
                token = token[7:]
    
        if not token:
            raise HTTPException(
                status_code=status.HTTP_401_UNAUTHORIZED,
                detail="Not authenticated.",
                headers={"WWW-Authenticate": "Bearer"},
            )
    
        try:
            payload = decode_token(token)
            user_id = payload.get("sub")
            token_type = payload.get("type")
            if user_id is None or token_type != "access":
                raise HTTPException(
                    status_code=status.HTTP_401_UNAUTHORIZED,
                    detail="Could not validate credentials."
                )
        except (jwt.ExpiredSignatureError, jwt.InvalidTokenError) as e:
            raise HTTPException(
                status_code=status.HTTP_401_UNAUTHORIZED,
                detail=str(e)
            )
    
>       user = await user_repo.get(user_id)
               ^^^^^^^^^^^^^^^^^^^^^^^^^^^^

app/api/deps.py:63: 
_ _ _ _ _ _ _ _ _ _ _ _ _ _ _ _ _ _ _ _ _ _ _ _ _ _ _ _ _ _ _ _ _ _ _ _ _ _ _ _ 

self = <app.repositories.user.UserRepository object at 0x73e893cba710>
id = 'a96c755b-8423-42d7-83cd-7aa03fe119bb'

    async def get(self, id: UUID) -> ModelType | None:
>       result = await self.db.execute(select(self.model).filter(self.model.id == id))
                 ^^^^^^^^^^^^^^^^^^^^^^^^^^^^^^^^^^^^^^^^^^^^^^^^^^^^^^^^^^^^^^^^^^^^^

app/repositories/base.py:15: 
_ _ _ _ _ _ _ _ _ _ _ _ _ _ _ _ _ _ _ _ _ _ _ _ _ _ _ _ _ _ _ _ _ _ _ _ _ _ _ _ 

self = <sqlalchemy.ext.asyncio.session.AsyncSession object at 0x73e893c3ae40>
statement = <sqlalchemy.sql.selectable.Select object at 0x73e893c6ad50>
params = None, execution_options = immutabledict({'prebuffer_rows': True})
bind_arguments = None, kw = {}

    async def execute(
        self,
        statement: Executable,
        params: Optional[_CoreAnyExecuteParams] = None,
        *,
        execution_options: OrmExecuteOptionsParameter = util.EMPTY_DICT,
        bind_arguments: Optional[_BindArguments] = None,
        **kw: Any,
    ) -> Result[Any]:
        """Execute a statement and return a buffered
        :class:`_engine.Result` object.
    
        .. seealso::
    
            :meth:`_orm.Session.execute` - main documentation for execute
    
        """
    
        if execution_options:
            execution_options = util.immutabledict(execution_options).union(
                _EXECUTE_OPTIONS
            )
        else:
            execution_options = _EXECUTE_OPTIONS
    
>       result = await greenlet_spawn(
            self.sync_session.execute,
            statement,
            params=params,
            execution_options=execution_options,
            bind_arguments=bind_arguments,
            **kw,
        )

.venv/lib/python3.14/site-packages/sqlalchemy/ext/asyncio/session.py:448: 
_ _ _ _ _ _ _ _ _ _ _ _ _ _ _ _ _ _ _ _ _ _ _ _ _ _ _ _ _ _ _ _ _ _ _ _ _ _ _ _ 

fn = <bound method Session.execute of <sqlalchemy.orm.session.Session object at 0x73e893c3b0e0>>
_require_await = False
args = (<sqlalchemy.sql.selectable.Select object at 0x73e893c6ad50>,)
kwargs = {'params': None, 'execution_options': immutabledict({'prebuffer_rows': True}), 'bind_arguments': None}

    async def greenlet_spawn(
        fn: Callable[..., _T],
        *args: Any,
        _require_await: bool = False,
        **kwargs: Any,
    ) -> _T:
        """Runs a sync function ``fn`` in a new greenlet.
    
        The sync function can then use :func:`await_only` to wait for async
        functions.
    
        :param fn: The sync callable to call.
        :param \\*args: Positional arguments to pass to the ``fn`` callable.
        :param \\*\\*kwargs: Keyword arguments to pass to the ``fn`` callable.
        """
    
        result: Any
        context = _AsyncIoGreenlet(fn, getcurrent())
        # runs the function synchronously in gl greenlet. If the execution
        # is interrupted by await_only, context is not dead and result is a
        # coroutine to wait. If the context is dead the function has
        # returned, and its result can be returned.
        switch_occurred = False
>       result = context.switch(*args, **kwargs)
                 ^^^^^^^^^^^^^^^^^^^^^^^^^^^^^^^

.venv/lib/python3.14/site-packages/sqlalchemy/util/_concurrency_py3k.py:190: 
_ _ _ _ _ _ _ _ _ _ _ _ _ _ _ _ _ _ _ _ _ _ _ _ _ _ _ _ _ _ _ _ _ _ _ _ _ _ _ _ 

self = <sqlalchemy.orm.session.Session object at 0x73e893c3b0e0>
statement = <sqlalchemy.sql.selectable.Select object at 0x73e893c6ad50>
params = None, execution_options = immutabledict({'prebuffer_rows': True})
bind_arguments = None, _parent_execute_state = None, _add_event = None

    def execute(
        self,
        statement: Executable,
        params: Optional[_CoreAnyExecuteParams] = None,
        *,
        execution_options: OrmExecuteOptionsParameter = util.EMPTY_DICT,
        bind_arguments: Optional[_BindArguments] = None,
        _parent_execute_state: Optional[Any] = None,
        _add_event: Optional[Any] = None,
    ) -> Result[Any]:
        r"""Execute a SQL expression construct.
    
        Returns a :class:`_engine.Result` object representing
        results of the statement execution.
    
        E.g.::
    
            from sqlalchemy import select
    
            result = session.execute(select(User).where(User.id == 5))
    
        The API contract of :meth:`_orm.Session.execute` is similar to that
        of :meth:`_engine.Connection.execute`, the :term:`2.0 style` version
        of :class:`_engine.Connection`.
    
        .. versionchanged:: 1.4 the :meth:`_orm.Session.execute` method is
           now the primary point of ORM statement execution when using
           :term:`2.0 style` ORM usage.
    
        :param statement:
            An executable statement (i.e. an :class:`.Executable` expression
            such as :func:`_expression.select`).
    
        :param params:
            Optional dictionary, or list of dictionaries, containing
            bound parameter values.   If a single dictionary, single-row
            execution occurs; if a list of dictionaries, an
            "executemany" will be invoked.  The keys in each dictionary
            must correspond to parameter names present in the statement.
    
        :param execution_options: optional dictionary of execution options,
         which will be associated with the statement execution.  This
         dictionary can provide a subset of the options that are accepted
         by :meth:`_engine.Connection.execution_options`, and may also
         provide additional options understood only in an ORM context.
    
         .. seealso::
    
            :ref:`orm_queryguide_execution_options` - ORM-specific execution
            options
    
        :param bind_arguments: dictionary of additional arguments to determine
         the bind.  May include "mapper", "bind", or other custom arguments.
         Contents of this dictionary are passed to the
         :meth:`.Session.get_bind` method.
    
        :return: a :class:`_engine.Result` object.
    
    
        """
>       return self._execute_internal(
            statement,
            params,
            execution_options=execution_options,
            bind_arguments=bind_arguments,
            _parent_execute_state=_parent_execute_state,
            _add_event=_add_event,
        )

.venv/lib/python3.14/site-packages/sqlalchemy/orm/session.py:2373: 
_ _ _ _ _ _ _ _ _ _ _ _ _ _ _ _ _ _ _ _ _ _ _ _ _ _ _ _ _ _ _ _ _ _ _ _ _ _ _ _ 

self = <sqlalchemy.orm.session.Session object at 0x73e893c3b0e0>
statement = <sqlalchemy.sql.selectable.Select object at 0x73e893c6ad50>
params = None
execution_options = immutabledict({'prebuffer_rows': True, '_result_disable_adapt_to_context': True})
bind_arguments = {'clause': <sqlalchemy.sql.selectable.Select object at 0x73e893c6ad50>, 'mapper': <Mapper at 0x73e894168440; User>}
_parent_execute_state = None, _add_event = None, _scalar_result = False

    def _execute_internal(
        self,
        statement: Executable,
        params: Optional[_CoreAnyExecuteParams] = None,
        *,
        execution_options: OrmExecuteOptionsParameter = util.EMPTY_DICT,
        bind_arguments: Optional[_BindArguments] = None,
        _parent_execute_state: Optional[Any] = None,
        _add_event: Optional[Any] = None,
        _scalar_result: bool = False,
    ) -> Any:
        statement = coercions.expect(roles.StatementRole, statement)
    
        if not bind_arguments:
            bind_arguments = {}
        else:
            bind_arguments = dict(bind_arguments)
    
        if (
            statement._propagate_attrs.get("compile_state_plugin", None)
            == "orm"
        ):
            compile_state_cls = CompileState._get_plugin_class_for_plugin(
                statement, "orm"
            )
            if TYPE_CHECKING:
                assert isinstance(
                    compile_state_cls, context.AbstractORMCompileState
                )
        else:
            compile_state_cls = None
            bind_arguments.setdefault("clause", statement)
    
        execution_options = util.coerce_to_immutabledict(execution_options)
    
        if _parent_execute_state:
            events_todo = _parent_execute_state._remaining_events()
        else:
            events_todo = self.dispatch.do_orm_execute
            if _add_event:
                events_todo = list(events_todo) + [_add_event]
    
        if events_todo:
            # save the original execution options before
            # orm_pre_session_exec processes them, so that we can pass
            # the unprocessed options (plus any explicit updates from event
            # hooks) to the second orm_pre_session_exec call.  This
            # prevents internal state like _sa_orm_load_options and
            # yield_per from the first call leaking into the second call,
            # which would otherwise cause issues like yield_per incorrectly
            # propagating into post-load (selectinload etc.) queries.
            # part of #13301.
            original_execution_options = execution_options
    
            if compile_state_cls is not None:
                # for event handlers, do the orm_pre_session_exec
                # pass ahead of the event handlers, so that things like
                # .load_options, .update_delete_options etc. are populated.
                # is_pre_event=True allows the hook to hold off on things
                # it doesn't want to do twice, including autoflush as well
                # as "pre fetch" for DML, etc.
                (
                    statement,
                    execution_options,
                ) = compile_state_cls.orm_pre_session_exec(
                    self,
                    statement,
                    params,
                    execution_options,
                    bind_arguments,
                    True,
                )
    
            orm_exec_state = ORMExecuteState(
                self,
                statement,
                params,
                execution_options,
                bind_arguments,
                compile_state_cls,
                events_todo,
            )
            for idx, fn in enumerate(events_todo):
                orm_exec_state._starting_event_idx = idx
                fn_result: Optional[Result[Any]] = fn(orm_exec_state)
                if fn_result:
                    if _scalar_result:
                        return fn_result.scalar()
                    else:
                        return fn_result
    
            statement = orm_exec_state.statement
    
            # use the original execution options plus only the explicit
            # updates from event hooks, not the processed options from
            # the first orm_pre_session_exec call
            execution_options = original_execution_options.union(
                orm_exec_state._update_execution_options
            )
    
        if compile_state_cls is not None:
            # now run orm_pre_session_exec() "for real".   if there were
            # event hooks, this will re-run the steps that interpret
            # new execution_options into load_options / update_delete_options,
            # which we assume the event hook might have updated.
            # autoflush will also be invoked in this step if enabled.
            (
                statement,
                execution_options,
            ) = compile_state_cls.orm_pre_session_exec(
                self,
                statement,
                params,
                execution_options,
                bind_arguments,
                False,
            )
    
        bind = self.get_bind(**bind_arguments)
    
        conn = self._connection_for_bind(bind)
    
        if _scalar_result and not compile_state_cls:
            if TYPE_CHECKING:
                params = cast(_CoreSingleExecuteParams, params)
            return conn.scalar(
                statement, params or {}, execution_options=execution_options
            )
    
        if compile_state_cls:
>           result: Result[Any] = compile_state_cls.orm_execute_statement(
                self,
                statement,
                params or {},
                execution_options,
                bind_arguments,
                conn,
            )

.venv/lib/python3.14/site-packages/sqlalchemy/orm/session.py:2271: 
_ _ _ _ _ _ _ _ _ _ _ _ _ _ _ _ _ _ _ _ _ _ _ _ _ _ _ _ _ _ _ _ _ _ _ _ _ _ _ _ 

cls = <class 'sqlalchemy.orm.context.ORMSelectCompileState'>
session = <sqlalchemy.orm.session.Session object at 0x73e893c3b0e0>
statement = <sqlalchemy.sql.selectable.Select object at 0x73e893c6ad50>
params = {}
execution_options = immutabledict({'prebuffer_rows': True, '_result_disable_adapt_to_context': True})
bind_arguments = {'clause': <sqlalchemy.sql.selectable.Select object at 0x73e893c6ad50>, 'mapper': <Mapper at 0x73e894168440; User>}
conn = <sqlalchemy.engine.base.Connection object at 0x73e893cd0050>

    @classmethod
    def orm_execute_statement(
        cls,
        session,
        statement,
        params,
        execution_options,
        bind_arguments,
        conn,
    ) -> Result:
>       result = conn.execute(
            statement, params or {}, execution_options=execution_options
        )

.venv/lib/python3.14/site-packages/sqlalchemy/orm/context.py:306: 
_ _ _ _ _ _ _ _ _ _ _ _ _ _ _ _ _ _ _ _ _ _ _ _ _ _ _ _ _ _ _ _ _ _ _ _ _ _ _ _ 

self = <sqlalchemy.engine.base.Connection object at 0x73e893cd0050>
statement = <sqlalchemy.sql.selectable.Select object at 0x73e893c6ad50>
parameters = {}
execution_options = immutabledict({'prebuffer_rows': True, '_result_disable_adapt_to_context': True})

    def execute(
        self,
        statement: Executable,
        parameters: Optional[_CoreAnyExecuteParams] = None,
        *,
        execution_options: Optional[CoreExecuteOptionsParameter] = None,
    ) -> CursorResult[Any]:
        r"""Executes a SQL statement construct and returns a
        :class:`_engine.CursorResult`.
    
        :param statement: The statement to be executed.  This is always
         an object that is in both the :class:`_expression.ClauseElement` and
         :class:`_expression.Executable` hierarchies, including:
    
         * :class:`_expression.Select`
         * :class:`_expression.Insert`, :class:`_expression.Update`,
           :class:`_expression.Delete`
         * :class:`_expression.TextClause` and
           :class:`_expression.TextualSelect`
         * :class:`_schema.DDL` and objects which inherit from
           :class:`_schema.ExecutableDDLElement`
    
        :param parameters: parameters which will be bound into the statement.
         This may be either a dictionary of parameter names to values,
         or a mutable sequence (e.g. a list) of dictionaries.  When a
         list of dictionaries is passed, the underlying statement execution
         will make use of the DBAPI ``cursor.executemany()`` method.
         When a single dictionary is passed, the DBAPI ``cursor.execute()``
         method will be used.
    
        :param execution_options: optional dictionary of execution options,
         which will be associated with the statement execution.  This
         dictionary can provide a subset of the options that are accepted
         by :meth:`_engine.Connection.execution_options`.
    
        :return: a :class:`_engine.Result` object.
    
        """
        distilled_parameters = _distill_params_20(parameters)
        try:
            meth = statement._execute_on_connection
        except AttributeError as err:
            raise exc.ObjectNotExecutableError(statement) from err
        else:
>           return meth(
                self,
                distilled_parameters,
                execution_options or NO_OPTIONS,
            )

.venv/lib/python3.14/site-packages/sqlalchemy/engine/base.py:1421: 
_ _ _ _ _ _ _ _ _ _ _ _ _ _ _ _ _ _ _ _ _ _ _ _ _ _ _ _ _ _ _ _ _ _ _ _ _ _ _ _ 

self = <sqlalchemy.sql.selectable.Select object at 0x73e893c6ad50>
connection = <sqlalchemy.engine.base.Connection object at 0x73e893cd0050>
distilled_params = [{}]
execution_options = immutabledict({'prebuffer_rows': True, '_result_disable_adapt_to_context': True})

    def _execute_on_connection(
        self,
        connection: Connection,
        distilled_params: _CoreMultiExecuteParams,
        execution_options: CoreExecuteOptionsParameter,
    ) -> Result[Any]:
        if self.supports_execution:
            if TYPE_CHECKING:
                assert isinstance(self, Executable)
>           return connection._execute_clauseelement(
                self, distilled_params, execution_options
            )

.venv/lib/python3.14/site-packages/sqlalchemy/sql/elements.py:526: 
_ _ _ _ _ _ _ _ _ _ _ _ _ _ _ _ _ _ _ _ _ _ _ _ _ _ _ _ _ _ _ _ _ _ _ _ _ _ _ _ 

self = <sqlalchemy.engine.base.Connection object at 0x73e893cd0050>
elem = <sqlalchemy.sql.selectable.Select object at 0x73e893c6ad50>
distilled_parameters = [{}]
execution_options = immutabledict({'prebuffer_rows': True, '_result_disable_adapt_to_context': True})

    def _execute_clauseelement(
        self,
        elem: Executable,
        distilled_parameters: _CoreMultiExecuteParams,
        execution_options: CoreExecuteOptionsParameter,
    ) -> CursorResult[Any]:
        """Execute a sql.ClauseElement object."""
    
        execution_options = elem._execution_options.merge_with(
            self._execution_options, execution_options
        )
    
        has_events = self._has_events or self.engine._has_events
        if has_events:
            (
                elem,
                distilled_parameters,
                event_multiparams,
                event_params,
            ) = self._invoke_before_exec_event(
                elem, distilled_parameters, execution_options
            )
    
        if distilled_parameters:
            # ensure we don't retain a link to the view object for keys()
            # which links to the values, which we don't want to cache
            keys = sorted(distilled_parameters[0])
            for_executemany = len(distilled_parameters) > 1
        else:
            keys = []
            for_executemany = False
    
        dialect = self.dialect
    
        schema_translate_map = execution_options.get(
            "schema_translate_map", None
        )
    
        compiled_cache: Optional[CompiledCacheType] = execution_options.get(
            "compiled_cache", self.engine._compiled_cache
        )
    
        compiled_sql, extracted_params, cache_hit = elem._compile_w_cache(
            dialect=dialect,
            compiled_cache=compiled_cache,
            column_keys=keys,
            for_executemany=for_executemany,
            schema_translate_map=schema_translate_map,
            linting=self.dialect.compiler_linting | compiler.WARN_LINTING,
        )
>       ret = self._execute_context(
            dialect,
            dialect.execution_ctx_cls._init_compiled,
            compiled_sql,
            distilled_parameters,
            execution_options,
            compiled_sql,
            distilled_parameters,
            elem,
            extracted_params,
            cache_hit=cache_hit,
        )

.venv/lib/python3.14/site-packages/sqlalchemy/engine/base.py:1643: 
_ _ _ _ _ _ _ _ _ _ _ _ _ _ _ _ _ _ _ _ _ _ _ _ _ _ _ _ _ _ _ _ _ _ _ _ _ _ _ _ 

self = <sqlalchemy.engine.base.Connection object at 0x73e893cd0050>
dialect = <sqlalchemy.dialects.sqlite.aiosqlite.SQLiteDialect_aiosqlite object at 0x73e893eeae90>
constructor = <bound method DefaultExecutionContext._init_compiled of <class 'sqlalchemy.dialects.sqlite.aiosqlite.SQLiteExecutionContext_aiosqlite'>>
statement = <sqlalchemy.dialects.sqlite.base.SQLiteCompiler object at 0x73e893329a70>
parameters = [{}]
execution_options = immutabledict({'prebuffer_rows': True, '_result_disable_adapt_to_context': True})
args = (<sqlalchemy.dialects.sqlite.base.SQLiteCompiler object at 0x73e893329a70>, [{}], <sqlalchemy.sql.selectable.Select object at 0x73e893c6ad50>, [BindParameter('%(127442776734224 id)s', 'a96c755b-8423-42d7-83cd-7aa03fe119bb', type_=UUID())])
kw = {'cache_hit': <CacheStats.CACHE_MISS: 1>}

    def _execute_context(
        self,
        dialect: Dialect,
        constructor: Callable[..., ExecutionContext],
        statement: Union[str, Compiled],
        parameters: Optional[_AnyMultiExecuteParams],
        execution_options: _ExecuteOptions,
        *args: Any,
        **kw: Any,
    ) -> CursorResult[Any]:
        """Create an :class:`.ExecutionContext` and execute, returning
        a :class:`_engine.CursorResult`."""
    
        if execution_options:
            yp = execution_options.get("yield_per", None)
            if yp:
                execution_options = execution_options.union(
                    {"stream_results": True, "max_row_buffer": yp}
                )
        try:
            conn = self._dbapi_connection
            if conn is None:
                conn = self._revalidate_connection()
    
            context = constructor(
                dialect, self, conn, execution_options, *args, **kw
            )
        except (exc.PendingRollbackError, exc.ResourceClosedError):
            raise
        except BaseException as e:
>           self._handle_dbapi_exception(
                e, str(statement), parameters, None, None
            )

.venv/lib/python3.14/site-packages/sqlalchemy/engine/base.py:1823: 
_ _ _ _ _ _ _ _ _ _ _ _ _ _ _ _ _ _ _ _ _ _ _ _ _ _ _ _ _ _ _ _ _ _ _ _ _ _ _ _ 

self = <sqlalchemy.engine.base.Connection object at 0x73e893cd0050>
e = AttributeError("'str' object has no attribute 'hex'")
statement = 'SELECT users.email, users.hashed_password, users.full_name, users.role, users.is_active, users.is_verified, users.bio, users.company, users.location, users.id, users.created_at, users.updated_at \nFROM users \nWHERE users.id = ?'
parameters = [{}], cursor = None, context = None, is_sub_exec = False

    def _handle_dbapi_exception(
        self,
        e: BaseException,
        statement: Optional[str],
        parameters: Optional[_AnyExecuteParams],
        cursor: Optional[DBAPICursor],
        context: Optional[ExecutionContext],
        is_sub_exec: bool = False,
    ) -> NoReturn:
        exc_info = sys.exc_info()
    
        is_exit_exception = util.is_exit_exception(e)
    
        if not self._is_disconnect:
            self._is_disconnect = (
                isinstance(e, self.dialect.loaded_dbapi.Error)
                and not self.closed
                and self.dialect.is_disconnect(
                    e,
                    self._dbapi_connection if not self.invalidated else None,
                    cursor,
                )
            ) or (is_exit_exception and not self.closed)
    
        invalidate_pool_on_disconnect = not is_exit_exception
    
        ismulti: bool = (
            not is_sub_exec and context.executemany
            if context is not None
            else False
        )
        if self._reentrant_error:
            raise exc.DBAPIError.instance(
                statement,
                parameters,
                e,
                self.dialect.loaded_dbapi.Error,
                hide_parameters=self.engine.hide_parameters,
                dialect=self.dialect,
                ismulti=ismulti,
            ).with_traceback(exc_info[2]) from e
        self._reentrant_error = True
        try:
            # non-DBAPI error - if we already got a context,
            # or there's no string statement, don't wrap it
            should_wrap = isinstance(e, self.dialect.loaded_dbapi.Error) or (
                statement is not None
                and context is None
                and not is_exit_exception
            )
    
            if should_wrap:
                sqlalchemy_exception = exc.DBAPIError.instance(
                    statement,
                    parameters,
                    cast(Exception, e),
                    self.dialect.loaded_dbapi.Error,
                    hide_parameters=self.engine.hide_parameters,
                    connection_invalidated=self._is_disconnect,
                    dialect=self.dialect,
                    ismulti=ismulti,
                )
            else:
                sqlalchemy_exception = None
    
            newraise = None
    
            if (self.dialect._has_events) and not self._execution_options.get(
                "skip_user_error_events", False
            ):
                ctx = ExceptionContextImpl(
                    e,
                    sqlalchemy_exception,
                    self.engine,
                    self.dialect,
                    self,
                    cursor,
                    statement,
                    parameters,
                    context,
                    self._is_disconnect,
                    invalidate_pool_on_disconnect,
                    False,
                )
    
                for fn in self.dialect.dispatch.handle_error:
                    try:
                        # handler returns an exception;
                        # call next handler in a chain
                        per_fn = fn(ctx)
                        if per_fn is not None:
                            ctx.chained_exception = newraise = per_fn
                    except Exception as _raised:
                        # handler raises an exception - stop processing
                        newraise = _raised
                        break
    
                if self._is_disconnect != ctx.is_disconnect:
                    self._is_disconnect = ctx.is_disconnect
                    if sqlalchemy_exception:
                        sqlalchemy_exception.connection_invalidated = (
                            ctx.is_disconnect
                        )
    
                # set up potentially user-defined value for
                # invalidate pool.
                invalidate_pool_on_disconnect = (
                    ctx.invalidate_pool_on_disconnect
                )
    
            if should_wrap and context:
                context.handle_dbapi_exception(e)
    
            if not self._is_disconnect:
                if cursor:
                    self._safe_close_cursor(cursor)
                # "autorollback" was mostly relevant in 1.x series.
                # It's very unlikely to reach here, as the connection
                # does autobegin so when we are here, we are usually
                # in an explicit / semi-explicit transaction.
                # however we have a test which manufactures this
                # scenario in any case using an event handler.
                # test/engine/test_execute.py-> test_actual_autorollback
                if not self.in_transaction():
                    self._rollback_impl()
    
            if newraise:
                raise newraise.with_traceback(exc_info[2]) from e
            elif should_wrap:
                assert sqlalchemy_exception is not None
>               raise sqlalchemy_exception.with_traceback(exc_info[2]) from e

.venv/lib/python3.14/site-packages/sqlalchemy/engine/base.py:2365: 
_ _ _ _ _ _ _ _ _ _ _ _ _ _ _ _ _ _ _ _ _ _ _ _ _ _ _ _ _ _ _ _ _ _ _ _ _ _ _ _ 

self = <sqlalchemy.engine.base.Connection object at 0x73e893cd0050>
dialect = <sqlalchemy.dialects.sqlite.aiosqlite.SQLiteDialect_aiosqlite object at 0x73e893eeae90>
constructor = <bound method DefaultExecutionContext._init_compiled of <class 'sqlalchemy.dialects.sqlite.aiosqlite.SQLiteExecutionContext_aiosqlite'>>
statement = <sqlalchemy.dialects.sqlite.base.SQLiteCompiler object at 0x73e893329a70>
parameters = [{}]
execution_options = immutabledict({'prebuffer_rows': True, '_result_disable_adapt_to_context': True})
args = (<sqlalchemy.dialects.sqlite.base.SQLiteCompiler object at 0x73e893329a70>, [{}], <sqlalchemy.sql.selectable.Select object at 0x73e893c6ad50>, [BindParameter('%(127442776734224 id)s', 'a96c755b-8423-42d7-83cd-7aa03fe119bb', type_=UUID())])
kw = {'cache_hit': <CacheStats.CACHE_MISS: 1>}

    def _execute_context(
        self,
        dialect: Dialect,
        constructor: Callable[..., ExecutionContext],
        statement: Union[str, Compiled],
        parameters: Optional[_AnyMultiExecuteParams],
        execution_options: _ExecuteOptions,
        *args: Any,
        **kw: Any,
    ) -> CursorResult[Any]:
        """Create an :class:`.ExecutionContext` and execute, returning
        a :class:`_engine.CursorResult`."""
    
        if execution_options:
            yp = execution_options.get("yield_per", None)
            if yp:
                execution_options = execution_options.union(
                    {"stream_results": True, "max_row_buffer": yp}
                )
        try:
            conn = self._dbapi_connection
            if conn is None:
                conn = self._revalidate_connection()
    
>           context = constructor(
                dialect, self, conn, execution_options, *args, **kw
            )

.venv/lib/python3.14/site-packages/sqlalchemy/engine/base.py:1817: 
_ _ _ _ _ _ _ _ _ _ _ _ _ _ _ _ _ _ _ _ _ _ _ _ _ _ _ _ _ _ _ _ _ _ _ _ _ _ _ _ 

cls = <class 'sqlalchemy.dialects.sqlite.aiosqlite.SQLiteExecutionContext_aiosqlite'>
dialect = <sqlalchemy.dialects.sqlite.aiosqlite.SQLiteDialect_aiosqlite object at 0x73e893eeae90>
connection = <sqlalchemy.engine.base.Connection object at 0x73e893cd0050>
dbapi_connection = <sqlalchemy.pool.base._ConnectionFairy object at 0x73e893d8ba10>
execution_options = immutabledict({'prebuffer_rows': True, '_result_disable_adapt_to_context': True})
compiled = <sqlalchemy.dialects.sqlite.base.SQLiteCompiler object at 0x73e893329a70>
parameters = [{}]
invoked_statement = <sqlalchemy.sql.selectable.Select object at 0x73e893c6ad50>
extracted_parameters = [BindParameter('%(127442776734224 id)s', 'a96c755b-8423-42d7-83cd-7aa03fe119bb', type_=UUID())]
cache_hit = <CacheStats.CACHE_MISS: 1>

    @classmethod
    def _init_compiled(
        cls,
        dialect: Dialect,
        connection: Connection,
        dbapi_connection: PoolProxiedConnection,
        execution_options: _ExecuteOptions,
        compiled: SQLCompiler,
        parameters: _CoreMultiExecuteParams,
        invoked_statement: Executable,
        extracted_parameters: Optional[Sequence[BindParameter[Any]]],
        cache_hit: CacheStats = CacheStats.CACHING_DISABLED,
    ) -> ExecutionContext:
        """Initialize execution context for a Compiled construct."""
    
        self = cls.__new__(cls)
        self.root_connection = connection
        self._dbapi_connection = dbapi_connection
        self.dialect = connection.dialect
        self.extracted_parameters = extracted_parameters
        self.invoked_statement = invoked_statement
        self.compiled = compiled
        self.cache_hit = cache_hit
    
        self.execution_options = execution_options
    
        self.result_column_struct = (
            compiled._result_columns,
            compiled._ordered_columns,
            compiled._textual_ordered_columns,
            compiled._ad_hoc_textual,
            compiled._loose_column_name_matching,
        )
    
        self.isinsert = ii = compiled.isinsert
        self.isupdate = iu = compiled.isupdate
        self.isdelete = id_ = compiled.isdelete
        self.is_text = compiled.isplaintext
    
        if ii or iu or id_:
            dml_statement = compiled.compile_state.statement  # type: ignore
            if TYPE_CHECKING:
                assert isinstance(dml_statement, UpdateBase)
            self.is_crud = True
            self._is_explicit_returning = ier = bool(dml_statement._returning)
            self._is_implicit_returning = iir = bool(
                compiled.implicit_returning
            )
            if iir and dml_statement._supplemental_returning:
                self._is_supplemental_returning = True
    
            # dont mix implicit and explicit returning
            assert not (iir and ier)
    
            if (ier or iir) and compiled.for_executemany:
                if ii and not self.dialect.insert_executemany_returning:
                    raise exc.InvalidRequestError(
                        f"Dialect {self.dialect.dialect_description} with "
                        f"current server capabilities does not support "
                        "INSERT..RETURNING when executemany is used"
                    )
                elif (
                    ii
                    and dml_statement._sort_by_parameter_order
                    and not self.dialect.insert_executemany_returning_sort_by_parameter_order  # noqa: E501
                ):
                    raise exc.InvalidRequestError(
                        f"Dialect {self.dialect.dialect_description} with "
                        f"current server capabilities does not support "
                        "INSERT..RETURNING with deterministic row ordering "
                        "when executemany is used"
                    )
                elif (
                    ii
                    and self.dialect.use_insertmanyvalues
                    and not compiled._insertmanyvalues
                ):
                    raise exc.InvalidRequestError(
                        'Statement does not have "insertmanyvalues" '
                        "enabled, can't use INSERT..RETURNING with "
                        "executemany in this case."
                    )
                elif iu and not self.dialect.update_executemany_returning:
                    raise exc.InvalidRequestError(
                        f"Dialect {self.dialect.dialect_description} with "
                        f"current server capabilities does not support "
                        "UPDATE..RETURNING when executemany is used"
                    )
                elif id_ and not self.dialect.delete_executemany_returning:
                    raise exc.InvalidRequestError(
                        f"Dialect {self.dialect.dialect_description} with "
                        f"current server capabilities does not support "
                        "DELETE..RETURNING when executemany is used"
                    )
    
        if not parameters:
            self.compiled_parameters = [
                compiled.construct_params(
                    extracted_parameters=extracted_parameters,
                    escape_names=False,
                )
            ]
        else:
            self.compiled_parameters = [
                compiled.construct_params(
                    m,
                    escape_names=False,
                    _group_number=grp,
                    extracted_parameters=extracted_parameters,
                )
                for grp, m in enumerate(parameters)
            ]
    
            if len(parameters) > 1:
                if self.isinsert and compiled._insertmanyvalues:
                    self.execute_style = ExecuteStyle.INSERTMANYVALUES
    
                    imv = compiled._insertmanyvalues
                    if imv.sentinel_columns is not None:
                        self._num_sentinel_cols = imv.num_sentinel_columns
                else:
                    self.execute_style = ExecuteStyle.EXECUTEMANY
    
        self.unicode_statement = compiled.string
    
        self.cursor = self.create_cursor()
    
        if self.compiled.insert_prefetch or self.compiled.update_prefetch:
            self._process_execute_defaults()
    
        processors = compiled._bind_processors
    
        flattened_processors: Mapping[
            str, _BindProcessorType[Any]
        ] = processors  # type: ignore[assignment]
    
        if compiled.literal_execute_params or compiled.post_compile_params:
            if self.executemany:
                raise exc.InvalidRequestError(
                    "'literal_execute' or 'expanding' parameters can't be "
                    "used with executemany()"
                )
    
            expanded_state = compiled._process_parameters_for_postcompile(
                self.compiled_parameters[0]
            )
    
            # re-assign self.unicode_statement
            self.unicode_statement = expanded_state.statement
    
            self._expanded_parameters = expanded_state.parameter_expansion
    
            flattened_processors = dict(processors)  # type: ignore
            flattened_processors.update(expanded_state.processors)
            positiontup = expanded_state.positiontup
        elif compiled.positional:
            positiontup = self.compiled.positiontup
        else:
            positiontup = None
    
        if compiled.schema_translate_map:
            schema_translate_map = self.execution_options.get(
                "schema_translate_map", {}
            )
            rst = compiled.preparer._render_schema_translates
            self.unicode_statement = rst(
                self.unicode_statement, schema_translate_map
            )
    
        # final self.unicode_statement is now assigned, encode if needed
        # by dialect
        self.statement = self.unicode_statement
    
        # Convert the dictionary of bind parameter values
        # into a dict or list to be sent to the DBAPI's
        # execute() or executemany() method.
    
        if compiled.positional:
            core_positional_parameters: MutableSequence[Sequence[Any]] = []
            assert positiontup is not None
            for compiled_params in self.compiled_parameters:
                l_param: List[Any] = [
                    (
>                       flattened_processors[key](compiled_params[key])
                        if key in flattened_processors
                        else compiled_params[key]
                    )
                    for key in positiontup
                ]

.venv/lib/python3.14/site-packages/sqlalchemy/engine/default.py:1496: 
_ _ _ _ _ _ _ _ _ _ _ _ _ _ _ _ _ _ _ _ _ _ _ _ _ _ _ _ _ _ _ _ _ _ _ _ _ _ _ _ 

value = 'a96c755b-8423-42d7-83cd-7aa03fe119bb'

    def process(value):
        if value is not None:
>           value = value.hex
                    ^^^^^^^^^
E           sqlalchemy.exc.StatementError: (builtins.AttributeError) 'str' object has no attribute 'hex'
E           [SQL: SELECT users.email, users.hashed_password, users.full_name, users.role, users.is_active, users.is_verified, users.bio, users.company, users.location, users.id, users.created_at, users.updated_at 
E           FROM users 
E           WHERE users.id = ?]
E           [parameters: [{}]]

.venv/lib/python3.14/site-packages/sqlalchemy/sql/sqltypes.py:3734: StatementError
---------------------------- Captured stdout setup -----------------------------
[2026-06-30 16:34:17,626] DEBUG in asyncio: Using selector: EpollSelector
[2026-06-30 16:34:17,627] DEBUG in aiosqlite: executing <function connect.<locals>.connector at 0x73e893c6f3d0>
[2026-06-30 16:34:17,627] DEBUG in aiosqlite: operation <function connect.<locals>.connector at 0x73e893c6f3d0> completed
[2026-06-30 16:34:17,627] DEBUG in aiosqlite: executing functools.partial(<built-in method create_function of sqlite3.Connection object at 0x73e893c02c50>, 'regexp', 2, <function SQLiteDialect_pysqlite.on_connect.<locals>.regexp at 0x73e893dc40f0>, deterministic=True)
[2026-06-30 16:34:17,627] DEBUG in aiosqlite: operation functools.partial(<built-in method create_function of sqlite3.Connection object at 0x73e893c02c50>, 'regexp', 2, <function SQLiteDialect_pysqlite.on_connect.<locals>.regexp at 0x73e893dc40f0>, deterministic=True) completed
[2026-06-30 16:34:17,628] DEBUG in aiosqlite: executing functools.partial(<built-in method create_function of sqlite3.Connection object at 0x73e893c02c50>, 'floor', 1, <built-in function floor>, deterministic=True)
[2026-06-30 16:34:17,628] DEBUG in aiosqlite: operation functools.partial(<built-in method create_function of sqlite3.Connection object at 0x73e893c02c50>, 'floor', 1, <built-in function floor>, deterministic=True) completed
[2026-06-30 16:34:17,628] DEBUG in aiosqlite: executing functools.partial(<built-in method cursor of sqlite3.Connection object at 0x73e893c02c50>)
[2026-06-30 16:34:17,628] DEBUG in aiosqlite: operation functools.partial(<built-in method cursor of sqlite3.Connection object at 0x73e893c02c50>) completed
[2026-06-30 16:34:17,628] DEBUG in aiosqlite: executing functools.partial(<built-in method execute of sqlite3.Cursor object at 0x73e893c43840>, 'PRAGMA read_uncommitted', [])
[2026-06-30 16:34:17,628] DEBUG in aiosqlite: operation functools.partial(<built-in method execute of sqlite3.Cursor object at 0x73e893c43840>, 'PRAGMA read_uncommitted', []) completed
[2026-06-30 16:34:17,628] DEBUG in aiosqlite: executing functools.partial(<built-in method fetchall of sqlite3.Cursor object at 0x73e893c43840>)
[2026-06-30 16:34:17,628] DEBUG in aiosqlite: operation functools.partial(<built-in method fetchall of sqlite3.Cursor object at 0x73e893c43840>) completed
[2026-06-30 16:34:17,628] DEBUG in aiosqlite: executing functools.partial(<built-in method close of sqlite3.Cursor object at 0x73e893c43840>)
[2026-06-30 16:34:17,628] DEBUG in aiosqlite: operation functools.partial(<built-in method close of sqlite3.Cursor object at 0x73e893c43840>) completed
[2026-06-30 16:34:17,628] DEBUG in aiosqlite: executing functools.partial(<built-in method rollback of sqlite3.Connection object at 0x73e893c02c50>)
[2026-06-30 16:34:17,628] DEBUG in aiosqlite: operation functools.partial(<built-in method rollback of sqlite3.Connection object at 0x73e893c02c50>) completed
[2026-06-30 16:34:17,629] DEBUG in aiosqlite: executing functools.partial(<built-in method cursor of sqlite3.Connection object at 0x73e893c02c50>)
[2026-06-30 16:34:17,629] DEBUG in aiosqlite: operation functools.partial(<built-in method cursor of sqlite3.Connection object at 0x73e893c02c50>) completed
[2026-06-30 16:34:17,629] DEBUG in aiosqlite: executing functools.partial(<built-in method execute of sqlite3.Cursor object at 0x73e893c438c0>, 'PRAGMA main.table_info("users")', ())
[2026-06-30 16:34:17,629] DEBUG in aiosqlite: operation functools.partial(<built-in method execute of sqlite3.Cursor object at 0x73e893c438c0>, 'PRAGMA main.table_info("users")', ()) completed
[2026-06-30 16:34:17,629] DEBUG in aiosqlite: executing functools.partial(<built-in method fetchall of sqlite3.Cursor object at 0x73e893c438c0>)
[2026-06-30 16:34:17,629] DEBUG in aiosqlite: operation functools.partial(<built-in method fetchall of sqlite3.Cursor object at 0x73e893c438c0>) completed
[2026-06-30 16:34:17,629] DEBUG in aiosqlite: executing functools.partial(<built-in method close of sqlite3.Cursor object at 0x73e893c438c0>)
[2026-06-30 16:34:17,629] DEBUG in aiosqlite: operation functools.partial(<built-in method close of sqlite3.Cursor object at 0x73e893c438c0>) completed
[2026-06-30 16:34:17,629] DEBUG in aiosqlite: executing functools.partial(<built-in method cursor of sqlite3.Connection object at 0x73e893c02c50>)
[2026-06-30 16:34:17,629] DEBUG in aiosqlite: operation functools.partial(<built-in method cursor of sqlite3.Connection object at 0x73e893c02c50>) completed
[2026-06-30 16:34:17,630] DEBUG in aiosqlite: executing functools.partial(<built-in method execute of sqlite3.Cursor object at 0x73e893c43a40>, 'PRAGMA temp.table_info("users")', ())
[2026-06-30 16:34:17,630] DEBUG in aiosqlite: operation functools.partial(<built-in method execute of sqlite3.Cursor object at 0x73e893c43a40>, 'PRAGMA temp.table_info("users")', ()) completed
[2026-06-30 16:34:17,630] DEBUG in aiosqlite: executing functools.partial(<built-in method fetchall of sqlite3.Cursor object at 0x73e893c43a40>)
[2026-06-30 16:34:17,630] DEBUG in aiosqlite: operation functools.partial(<built-in method fetchall of sqlite3.Cursor object at 0x73e893c43a40>) completed
[2026-06-30 16:34:17,630] DEBUG in aiosqlite: executing functools.partial(<built-in method close of sqlite3.Cursor object at 0x73e893c43a40>)
[2026-06-30 16:34:17,630] DEBUG in aiosqlite: operation functools.partial(<built-in method close of sqlite3.Cursor object at 0x73e893c43a40>) completed
[2026-06-30 16:34:17,630] DEBUG in aiosqlite: executing functools.partial(<built-in method cursor of sqlite3.Connection object at 0x73e893c02c50>)
[2026-06-30 16:34:17,630] DEBUG in aiosqlite: operation functools.partial(<built-in method cursor of sqlite3.Connection object at 0x73e893c02c50>) completed
[2026-06-30 16:34:17,630] DEBUG in aiosqlite: executing functools.partial(<built-in method execute of sqlite3.Cursor object at 0x73e893c9a440>, '\nCREATE TABLE users (\n\temail VARCHAR(255) NOT NULL, \n\thashed_password VARCHAR(255) NOT NULL, \n\tfull_name VARCHAR(255), \n\trole VARCHAR(50) NOT NULL, \n\tis_active BOOLEAN NOT NULL, \n\tis_verified BOOLEAN NOT NULL, \n\tbio VARCHAR(1000), \n\tcompany VARCHAR(255), \n\tlocation VARCHAR(255), \n\tid UUID NOT NULL, \n\tcreated_at DATETIME DEFAULT CURRENT_TIMESTAMP NOT NULL, \n\tupdated_at DATETIME DEFAULT CURRENT_TIMESTAMP NOT NULL, \n\tPRIMARY KEY (id)\n)\n\n', ())
[2026-06-30 16:34:17,631] DEBUG in aiosqlite: operation functools.partial(<built-in method execute of sqlite3.Cursor object at 0x73e893c9a440>, '\nCREATE TABLE users (\n\temail VARCHAR(255) NOT NULL, \n\thashed_password VARCHAR(255) NOT NULL, \n\tfull_name VARCHAR(255), \n\trole VARCHAR(50) NOT NULL, \n\tis_active BOOLEAN NOT NULL, \n\tis_verified BOOLEAN NOT NULL, \n\tbio VARCHAR(1000), \n\tcompany VARCHAR(255), \n\tlocation VARCHAR(255), \n\tid UUID NOT NULL, \n\tcreated_at DATETIME DEFAULT CURRENT_TIMESTAMP NOT NULL, \n\tupdated_at DATETIME DEFAULT CURRENT_TIMESTAMP NOT NULL, \n\tPRIMARY KEY (id)\n)\n\n', ()) completed
[2026-06-30 16:34:17,631] DEBUG in aiosqlite: executing functools.partial(<built-in method close of sqlite3.Cursor object at 0x73e893c9a440>)
[2026-06-30 16:34:17,631] DEBUG in aiosqlite: operation functools.partial(<built-in method close of sqlite3.Cursor object at 0x73e893c9a440>) completed
[2026-06-30 16:34:17,631] DEBUG in aiosqlite: executing functools.partial(<built-in method cursor of sqlite3.Connection object at 0x73e893c02c50>)
[2026-06-30 16:34:17,631] DEBUG in aiosqlite: operation functools.partial(<built-in method cursor of sqlite3.Connection object at 0x73e893c02c50>) completed
[2026-06-30 16:34:17,631] DEBUG in aiosqlite: executing functools.partial(<built-in method execute of sqlite3.Cursor object at 0x73e893c43c40>, 'CREATE INDEX ix_users_id ON users (id)', ())
[2026-06-30 16:34:17,631] DEBUG in aiosqlite: operation functools.partial(<built-in method execute of sqlite3.Cursor object at 0x73e893c43c40>, 'CREATE INDEX ix_users_id ON users (id)', ()) completed
[2026-06-30 16:34:17,631] DEBUG in aiosqlite: executing functools.partial(<built-in method close of sqlite3.Cursor object at 0x73e893c43c40>)
[2026-06-30 16:34:17,631] DEBUG in aiosqlite: operation functools.partial(<built-in method close of sqlite3.Cursor object at 0x73e893c43c40>) completed
[2026-06-30 16:34:17,631] DEBUG in aiosqlite: executing functools.partial(<built-in method cursor of sqlite3.Connection object at 0x73e893c02c50>)
[2026-06-30 16:34:17,631] DEBUG in aiosqlite: operation functools.partial(<built-in method cursor of sqlite3.Connection object at 0x73e893c02c50>) completed
[2026-06-30 16:34:17,631] DEBUG in aiosqlite: executing functools.partial(<built-in method execute of sqlite3.Cursor object at 0x73e893c43bc0>, 'CREATE UNIQUE INDEX ix_users_email ON users (email)', ())
[2026-06-30 16:34:17,631] DEBUG in aiosqlite: operation functools.partial(<built-in method execute of sqlite3.Cursor object at 0x73e893c43bc0>, 'CREATE UNIQUE INDEX ix_users_email ON users (email)', ()) completed
[2026-06-30 16:34:17,631] DEBUG in aiosqlite: executing functools.partial(<built-in method close of sqlite3.Cursor object at 0x73e893c43bc0>)
[2026-06-30 16:34:17,631] DEBUG in aiosqlite: operation functools.partial(<built-in method close of sqlite3.Cursor object at 0x73e893c43bc0>) completed
[2026-06-30 16:34:17,632] DEBUG in aiosqlite: executing functools.partial(<built-in method commit of sqlite3.Connection object at 0x73e893c02c50>)
[2026-06-30 16:34:17,632] DEBUG in aiosqlite: operation functools.partial(<built-in method commit of sqlite3.Connection object at 0x73e893c02c50>) completed
[2026-06-30 16:34:17,632] DEBUG in aiosqlite: executing functools.partial(<built-in method rollback of sqlite3.Connection object at 0x73e893c02c50>)
[2026-06-30 16:34:17,632] DEBUG in aiosqlite: operation functools.partial(<built-in method rollback of sqlite3.Connection object at 0x73e893c02c50>) completed
[2026-06-30 16:34:17,864] DEBUG in aiosqlite: executing functools.partial(<built-in method cursor of sqlite3.Connection object at 0x73e893c02c50>)
[2026-06-30 16:34:17,864] DEBUG in aiosqlite: operation functools.partial(<built-in method cursor of sqlite3.Connection object at 0x73e893c02c50>) completed
[2026-06-30 16:34:17,864] DEBUG in aiosqlite: executing functools.partial(<built-in method execute of sqlite3.Cursor object at 0x73e893c9b4c0>, 'INSERT INTO users (email, hashed_password, full_name, role, is_active, is_verified, bio, company, location, id) VALUES (?, ?, ?, ?, ?, ?, ?, ?, ?, ?) RETURNING created_at, updated_at', ('testadmin@example.com', '$2b$12$TpJAMqv1dzR/Qz5jqQZmt.OvZpE/SynhuqbgwEnrTEpNifDVDpXDm', 'Test Admin', 'admin', 1, 1, None, None, None, 'a96c755b842342d783cd7aa03fe119bb'))
[2026-06-30 16:34:17,865] DEBUG in aiosqlite: operation functools.partial(<built-in method execute of sqlite3.Cursor object at 0x73e893c9b4c0>, 'INSERT INTO users (email, hashed_password, full_name, role, is_active, is_verified, bio, company, location, id) VALUES (?, ?, ?, ?, ?, ?, ?, ?, ?, ?) RETURNING created_at, updated_at', ('testadmin@example.com', '$2b$12$TpJAMqv1dzR/Qz5jqQZmt.OvZpE/SynhuqbgwEnrTEpNifDVDpXDm', 'Test Admin', 'admin', 1, 1, None, None, None, 'a96c755b842342d783cd7aa03fe119bb')) completed
[2026-06-30 16:34:17,865] DEBUG in aiosqlite: executing functools.partial(<built-in method fetchall of sqlite3.Cursor object at 0x73e893c9b4c0>)
[2026-06-30 16:34:17,865] DEBUG in aiosqlite: operation functools.partial(<built-in method fetchall of sqlite3.Cursor object at 0x73e893c9b4c0>) completed
[2026-06-30 16:34:17,865] DEBUG in aiosqlite: executing functools.partial(<built-in method close of sqlite3.Cursor object at 0x73e893c9b4c0>)
[2026-06-30 16:34:17,865] DEBUG in aiosqlite: operation functools.partial(<built-in method close of sqlite3.Cursor object at 0x73e893c9b4c0>) completed
[2026-06-30 16:34:17,865] DEBUG in aiosqlite: executing functools.partial(<built-in method commit of sqlite3.Connection object at 0x73e893c02c50>)
[2026-06-30 16:34:17,865] DEBUG in aiosqlite: operation functools.partial(<built-in method commit of sqlite3.Connection object at 0x73e893c02c50>) completed
[2026-06-30 16:34:17,866] DEBUG in aiosqlite: executing functools.partial(<built-in method rollback of sqlite3.Connection object at 0x73e893c02c50>)
[2026-06-30 16:34:17,866] DEBUG in aiosqlite: operation functools.partial(<built-in method rollback of sqlite3.Connection object at 0x73e893c02c50>) completed
[2026-06-30 16:34:17,868] DEBUG in aiosqlite: executing functools.partial(<built-in method cursor of sqlite3.Connection object at 0x73e893c02c50>)
[2026-06-30 16:34:17,868] DEBUG in aiosqlite: operation functools.partial(<built-in method cursor of sqlite3.Connection object at 0x73e893c02c50>) completed
[2026-06-30 16:34:17,868] DEBUG in aiosqlite: executing functools.partial(<built-in method execute of sqlite3.Cursor object at 0x73e893c9b9c0>, 'SELECT users.email, users.hashed_password, users.full_name, users.role, users.is_active, users.is_verified, users.bio, users.company, users.location, users.id, users.created_at, users.updated_at \nFROM users \nWHERE users.id = ?', ('a96c755b842342d783cd7aa03fe119bb',))
[2026-06-30 16:34:17,869] DEBUG in aiosqlite: operation functools.partial(<built-in method execute of sqlite3.Cursor object at 0x73e893c9b9c0>, 'SELECT users.email, users.hashed_password, users.full_name, users.role, users.is_active, users.is_verified, users.bio, users.company, users.location, users.id, users.created_at, users.updated_at \nFROM users \nWHERE users.id = ?', ('a96c755b842342d783cd7aa03fe119bb',)) completed
[2026-06-30 16:34:17,869] DEBUG in aiosqlite: executing functools.partial(<built-in method fetchall of sqlite3.Cursor object at 0x73e893c9b9c0>)
[2026-06-30 16:34:17,869] DEBUG in aiosqlite: operation functools.partial(<built-in method fetchall of sqlite3.Cursor object at 0x73e893c9b9c0>) completed
[2026-06-30 16:34:17,869] DEBUG in aiosqlite: executing functools.partial(<built-in method close of sqlite3.Cursor object at 0x73e893c9b9c0>)
[2026-06-30 16:34:17,869] DEBUG in aiosqlite: operation functools.partial(<built-in method close of sqlite3.Cursor object at 0x73e893c9b9c0>) completed
[2026-06-30 16:34:18,099] DEBUG in aiosqlite: executing functools.partial(<built-in method cursor of sqlite3.Connection object at 0x73e893c02c50>)
[2026-06-30 16:34:18,099] DEBUG in aiosqlite: operation functools.partial(<built-in method cursor of sqlite3.Connection object at 0x73e893c02c50>) completed
[2026-06-30 16:34:18,100] DEBUG in aiosqlite: executing functools.partial(<built-in method execute of sqlite3.Cursor object at 0x73e893c9b340>, 'INSERT INTO users (email, hashed_password, full_name, role, is_active, is_verified, bio, company, location, id) VALUES (?, ?, ?, ?, ?, ?, ?, ?, ?, ?) RETURNING created_at, updated_at', ('testuser@example.com', '$2b$12$oTTDJ9a1GXWMkSFoAEGFLungeGGZXpIkPbY2AYZafr1KSqSexUaSC', 'Test User', 'user', 1, 1, None, None, None, '5bf532aa5fe04dbf9f8f2f6139aa2015'))
[2026-06-30 16:34:18,100] DEBUG in aiosqlite: operation functools.partial(<built-in method execute of sqlite3.Cursor object at 0x73e893c9b340>, 'INSERT INTO users (email, hashed_password, full_name, role, is_active, is_verified, bio, company, location, id) VALUES (?, ?, ?, ?, ?, ?, ?, ?, ?, ?) RETURNING created_at, updated_at', ('testuser@example.com', '$2b$12$oTTDJ9a1GXWMkSFoAEGFLungeGGZXpIkPbY2AYZafr1KSqSexUaSC', 'Test User', 'user', 1, 1, None, None, None, '5bf532aa5fe04dbf9f8f2f6139aa2015')) completed
[2026-06-30 16:34:18,100] DEBUG in aiosqlite: executing functools.partial(<built-in method fetchall of sqlite3.Cursor object at 0x73e893c9b340>)
[2026-06-30 16:34:18,100] DEBUG in aiosqlite: operation functools.partial(<built-in method fetchall of sqlite3.Cursor object at 0x73e893c9b340>) completed
[2026-06-30 16:34:18,100] DEBUG in aiosqlite: executing functools.partial(<built-in method close of sqlite3.Cursor object at 0x73e893c9b340>)
[2026-06-30 16:34:18,100] DEBUG in aiosqlite: operation functools.partial(<built-in method close of sqlite3.Cursor object at 0x73e893c9b340>) completed
[2026-06-30 16:34:18,100] DEBUG in aiosqlite: executing functools.partial(<built-in method commit of sqlite3.Connection object at 0x73e893c02c50>)
[2026-06-30 16:34:18,100] DEBUG in aiosqlite: operation functools.partial(<built-in method commit of sqlite3.Connection object at 0x73e893c02c50>) completed
[2026-06-30 16:34:18,101] DEBUG in aiosqlite: executing functools.partial(<built-in method rollback of sqlite3.Connection object at 0x73e893c02c50>)
[2026-06-30 16:34:18,101] DEBUG in aiosqlite: operation functools.partial(<built-in method rollback of sqlite3.Connection object at 0x73e893c02c50>) completed
[2026-06-30 16:34:18,101] DEBUG in aiosqlite: executing functools.partial(<built-in method cursor of sqlite3.Connection object at 0x73e893c02c50>)
[2026-06-30 16:34:18,101] DEBUG in aiosqlite: operation functools.partial(<built-in method cursor of sqlite3.Connection object at 0x73e893c02c50>) completed
[2026-06-30 16:34:18,101] DEBUG in aiosqlite: executing functools.partial(<built-in method execute of sqlite3.Cursor object at 0x73e893cae3c0>, 'SELECT users.email, users.hashed_password, users.full_name, users.role, users.is_active, users.is_verified, users.bio, users.company, users.location, users.id, users.created_at, users.updated_at \nFROM users \nWHERE users.id = ?', ('5bf532aa5fe04dbf9f8f2f6139aa2015',))
[2026-06-30 16:34:18,101] DEBUG in aiosqlite: operation functools.partial(<built-in method execute of sqlite3.Cursor object at 0x73e893cae3c0>, 'SELECT users.email, users.hashed_password, users.full_name, users.role, users.is_active, users.is_verified, users.bio, users.company, users.location, users.id, users.created_at, users.updated_at \nFROM users \nWHERE users.id = ?', ('5bf532aa5fe04dbf9f8f2f6139aa2015',)) completed
[2026-06-30 16:34:18,101] DEBUG in aiosqlite: executing functools.partial(<built-in method fetchall of sqlite3.Cursor object at 0x73e893cae3c0>)
[2026-06-30 16:34:18,102] DEBUG in aiosqlite: operation functools.partial(<built-in method fetchall of sqlite3.Cursor object at 0x73e893cae3c0>) completed
[2026-06-30 16:34:18,102] DEBUG in aiosqlite: executing functools.partial(<built-in method close of sqlite3.Cursor object at 0x73e893cae3c0>)
[2026-06-30 16:34:18,102] DEBUG in aiosqlite: operation functools.partial(<built-in method close of sqlite3.Cursor object at 0x73e893cae3c0>) completed
------------------------------ Captured log setup ------------------------------
DEBUG    asyncio:selector_events.py:64 Using selector: EpollSelector
DEBUG    aiosqlite:core.py:62 executing <function connect.<locals>.connector at 0x73e893c6f3d0>
DEBUG    aiosqlite:core.py:67 operation <function connect.<locals>.connector at 0x73e893c6f3d0> completed
DEBUG    aiosqlite:core.py:62 executing functools.partial(<built-in method create_function of sqlite3.Connection object at 0x73e893c02c50>, 'regexp', 2, <function SQLiteDialect_pysqlite.on_connect.<locals>.regexp at 0x73e893dc40f0>, deterministic=True)
DEBUG    aiosqlite:core.py:67 operation functools.partial(<built-in method create_function of sqlite3.Connection object at 0x73e893c02c50>, 'regexp', 2, <function SQLiteDialect_pysqlite.on_connect.<locals>.regexp at 0x73e893dc40f0>, deterministic=True) completed
DEBUG    aiosqlite:core.py:62 executing functools.partial(<built-in method create_function of sqlite3.Connection object at 0x73e893c02c50>, 'floor', 1, <built-in function floor>, deterministic=True)
DEBUG    aiosqlite:core.py:67 operation functools.partial(<built-in method create_function of sqlite3.Connection object at 0x73e893c02c50>, 'floor', 1, <built-in function floor>, deterministic=True) completed
DEBUG    aiosqlite:core.py:62 executing functools.partial(<built-in method cursor of sqlite3.Connection object at 0x73e893c02c50>)
DEBUG    aiosqlite:core.py:67 operation functools.partial(<built-in method cursor of sqlite3.Connection object at 0x73e893c02c50>) completed
DEBUG    aiosqlite:core.py:62 executing functools.partial(<built-in method execute of sqlite3.Cursor object at 0x73e893c43840>, 'PRAGMA read_uncommitted', [])
DEBUG    aiosqlite:core.py:67 operation functools.partial(<built-in method execute of sqlite3.Cursor object at 0x73e893c43840>, 'PRAGMA read_uncommitted', []) completed
DEBUG    aiosqlite:core.py:62 executing functools.partial(<built-in method fetchall of sqlite3.Cursor object at 0x73e893c43840>)
DEBUG    aiosqlite:core.py:67 operation functools.partial(<built-in method fetchall of sqlite3.Cursor object at 0x73e893c43840>) completed
DEBUG    aiosqlite:core.py:62 executing functools.partial(<built-in method close of sqlite3.Cursor object at 0x73e893c43840>)
DEBUG    aiosqlite:core.py:67 operation functools.partial(<built-in method close of sqlite3.Cursor object at 0x73e893c43840>) completed
DEBUG    aiosqlite:core.py:62 executing functools.partial(<built-in method rollback of sqlite3.Connection object at 0x73e893c02c50>)
DEBUG    aiosqlite:core.py:67 operation functools.partial(<built-in method rollback of sqlite3.Connection object at 0x73e893c02c50>) completed
DEBUG    aiosqlite:core.py:62 executing functools.partial(<built-in method cursor of sqlite3.Connection object at 0x73e893c02c50>)
DEBUG    aiosqlite:core.py:67 operation functools.partial(<built-in method cursor of sqlite3.Connection object at 0x73e893c02c50>) completed
DEBUG    aiosqlite:core.py:62 executing functools.partial(<built-in method execute of sqlite3.Cursor object at 0x73e893c438c0>, 'PRAGMA main.table_info("users")', ())
DEBUG    aiosqlite:core.py:67 operation functools.partial(<built-in method execute of sqlite3.Cursor object at 0x73e893c438c0>, 'PRAGMA main.table_info("users")', ()) completed
DEBUG    aiosqlite:core.py:62 executing functools.partial(<built-in method fetchall of sqlite3.Cursor object at 0x73e893c438c0>)
DEBUG    aiosqlite:core.py:67 operation functools.partial(<built-in method fetchall of sqlite3.Cursor object at 0x73e893c438c0>) completed
DEBUG    aiosqlite:core.py:62 executing functools.partial(<built-in method close of sqlite3.Cursor object at 0x73e893c438c0>)
DEBUG    aiosqlite:core.py:67 operation functools.partial(<built-in method close of sqlite3.Cursor object at 0x73e893c438c0>) completed
DEBUG    aiosqlite:core.py:62 executing functools.partial(<built-in method cursor of sqlite3.Connection object at 0x73e893c02c50>)
DEBUG    aiosqlite:core.py:67 operation functools.partial(<built-in method cursor of sqlite3.Connection object at 0x73e893c02c50>) completed
DEBUG    aiosqlite:core.py:62 executing functools.partial(<built-in method execute of sqlite3.Cursor object at 0x73e893c43a40>, 'PRAGMA temp.table_info("users")', ())
DEBUG    aiosqlite:core.py:67 operation functools.partial(<built-in method execute of sqlite3.Cursor object at 0x73e893c43a40>, 'PRAGMA temp.table_info("users")', ()) completed
DEBUG    aiosqlite:core.py:62 executing functools.partial(<built-in method fetchall of sqlite3.Cursor object at 0x73e893c43a40>)
DEBUG    aiosqlite:core.py:67 operation functools.partial(<built-in method fetchall of sqlite3.Cursor object at 0x73e893c43a40>) completed
DEBUG    aiosqlite:core.py:62 executing functools.partial(<built-in method close of sqlite3.Cursor object at 0x73e893c43a40>)
DEBUG    aiosqlite:core.py:67 operation functools.partial(<built-in method close of sqlite3.Cursor object at 0x73e893c43a40>) completed
DEBUG    aiosqlite:core.py:62 executing functools.partial(<built-in method cursor of sqlite3.Connection object at 0x73e893c02c50>)
DEBUG    aiosqlite:core.py:67 operation functools.partial(<built-in method cursor of sqlite3.Connection object at 0x73e893c02c50>) completed
DEBUG    aiosqlite:core.py:62 executing functools.partial(<built-in method execute of sqlite3.Cursor object at 0x73e893c9a440>, '\nCREATE TABLE users (\n\temail VARCHAR(255) NOT NULL, \n\thashed_password VARCHAR(255) NOT NULL, \n\tfull_name VARCHAR(255), \n\trole VARCHAR(50) NOT NULL, \n\tis_active BOOLEAN NOT NULL, \n\tis_verified BOOLEAN NOT NULL, \n\tbio VARCHAR(1000), \n\tcompany VARCHAR(255), \n\tlocation VARCHAR(255), \n\tid UUID NOT NULL, \n\tcreated_at DATETIME DEFAULT CURRENT_TIMESTAMP NOT NULL, \n\tupdated_at DATETIME DEFAULT CURRENT_TIMESTAMP NOT NULL, \n\tPRIMARY KEY (id)\n)\n\n', ())
DEBUG    aiosqlite:core.py:67 operation functools.partial(<built-in method execute of sqlite3.Cursor object at 0x73e893c9a440>, '\nCREATE TABLE users (\n\temail VARCHAR(255) NOT NULL, \n\thashed_password VARCHAR(255) NOT NULL, \n\tfull_name VARCHAR(255), \n\trole VARCHAR(50) NOT NULL, \n\tis_active BOOLEAN NOT NULL, \n\tis_verified BOOLEAN NOT NULL, \n\tbio VARCHAR(1000), \n\tcompany VARCHAR(255), \n\tlocation VARCHAR(255), \n\tid UUID NOT NULL, \n\tcreated_at DATETIME DEFAULT CURRENT_TIMESTAMP NOT NULL, \n\tupdated_at DATETIME DEFAULT CURRENT_TIMESTAMP NOT NULL, \n\tPRIMARY KEY (id)\n)\n\n', ()) completed
DEBUG    aiosqlite:core.py:62 executing functools.partial(<built-in method close of sqlite3.Cursor object at 0x73e893c9a440>)
DEBUG    aiosqlite:core.py:67 operation functools.partial(<built-in method close of sqlite3.Cursor object at 0x73e893c9a440>) completed
DEBUG    aiosqlite:core.py:62 executing functools.partial(<built-in method cursor of sqlite3.Connection object at 0x73e893c02c50>)
DEBUG    aiosqlite:core.py:67 operation functools.partial(<built-in method cursor of sqlite3.Connection object at 0x73e893c02c50>) completed
DEBUG    aiosqlite:core.py:62 executing functools.partial(<built-in method execute of sqlite3.Cursor object at 0x73e893c43c40>, 'CREATE INDEX ix_users_id ON users (id)', ())
DEBUG    aiosqlite:core.py:67 operation functools.partial(<built-in method execute of sqlite3.Cursor object at 0x73e893c43c40>, 'CREATE INDEX ix_users_id ON users (id)', ()) completed
DEBUG    aiosqlite:core.py:62 executing functools.partial(<built-in method close of sqlite3.Cursor object at 0x73e893c43c40>)
DEBUG    aiosqlite:core.py:67 operation functools.partial(<built-in method close of sqlite3.Cursor object at 0x73e893c43c40>) completed
DEBUG    aiosqlite:core.py:62 executing functools.partial(<built-in method cursor of sqlite3.Connection object at 0x73e893c02c50>)
DEBUG    aiosqlite:core.py:67 operation functools.partial(<built-in method cursor of sqlite3.Connection object at 0x73e893c02c50>) completed
DEBUG    aiosqlite:core.py:62 executing functools.partial(<built-in method execute of sqlite3.Cursor object at 0x73e893c43bc0>, 'CREATE UNIQUE INDEX ix_users_email ON users (email)', ())
DEBUG    aiosqlite:core.py:67 operation functools.partial(<built-in method execute of sqlite3.Cursor object at 0x73e893c43bc0>, 'CREATE UNIQUE INDEX ix_users_email ON users (email)', ()) completed
DEBUG    aiosqlite:core.py:62 executing functools.partial(<built-in method close of sqlite3.Cursor object at 0x73e893c43bc0>)
DEBUG    aiosqlite:core.py:67 operation functools.partial(<built-in method close of sqlite3.Cursor object at 0x73e893c43bc0>) completed
DEBUG    aiosqlite:core.py:62 executing functools.partial(<built-in method commit of sqlite3.Connection object at 0x73e893c02c50>)
DEBUG    aiosqlite:core.py:67 operation functools.partial(<built-in method commit of sqlite3.Connection object at 0x73e893c02c50>) completed
DEBUG    aiosqlite:core.py:62 executing functools.partial(<built-in method rollback of sqlite3.Connection object at 0x73e893c02c50>)
DEBUG    aiosqlite:core.py:67 operation functools.partial(<built-in method rollback of sqlite3.Connection object at 0x73e893c02c50>) completed
DEBUG    aiosqlite:core.py:62 executing functools.partial(<built-in method cursor of sqlite3.Connection object at 0x73e893c02c50>)
DEBUG    aiosqlite:core.py:67 operation functools.partial(<built-in method cursor of sqlite3.Connection object at 0x73e893c02c50>) completed
DEBUG    aiosqlite:core.py:62 executing functools.partial(<built-in method execute of sqlite3.Cursor object at 0x73e893c9b4c0>, 'INSERT INTO users (email, hashed_password, full_name, role, is_active, is_verified, bio, company, location, id) VALUES (?, ?, ?, ?, ?, ?, ?, ?, ?, ?) RETURNING created_at, updated_at', ('testadmin@example.com', '$2b$12$TpJAMqv1dzR/Qz5jqQZmt.OvZpE/SynhuqbgwEnrTEpNifDVDpXDm', 'Test Admin', 'admin', 1, 1, None, None, None, 'a96c755b842342d783cd7aa03fe119bb'))
DEBUG    aiosqlite:core.py:67 operation functools.partial(<built-in method execute of sqlite3.Cursor object at 0x73e893c9b4c0>, 'INSERT INTO users (email, hashed_password, full_name, role, is_active, is_verified, bio, company, location, id) VALUES (?, ?, ?, ?, ?, ?, ?, ?, ?, ?) RETURNING created_at, updated_at', ('testadmin@example.com', '$2b$12$TpJAMqv1dzR/Qz5jqQZmt.OvZpE/SynhuqbgwEnrTEpNifDVDpXDm', 'Test Admin', 'admin', 1, 1, None, None, None, 'a96c755b842342d783cd7aa03fe119bb')) completed
DEBUG    aiosqlite:core.py:62 executing functools.partial(<built-in method fetchall of sqlite3.Cursor object at 0x73e893c9b4c0>)
DEBUG    aiosqlite:core.py:67 operation functools.partial(<built-in method fetchall of sqlite3.Cursor object at 0x73e893c9b4c0>) completed
DEBUG    aiosqlite:core.py:62 executing functools.partial(<built-in method close of sqlite3.Cursor object at 0x73e893c9b4c0>)
DEBUG    aiosqlite:core.py:67 operation functools.partial(<built-in method close of sqlite3.Cursor object at 0x73e893c9b4c0>) completed
DEBUG    aiosqlite:core.py:62 executing functools.partial(<built-in method commit of sqlite3.Connection object at 0x73e893c02c50>)
DEBUG    aiosqlite:core.py:67 operation functools.partial(<built-in method commit of sqlite3.Connection object at 0x73e893c02c50>) completed
DEBUG    aiosqlite:core.py:62 executing functools.partial(<built-in method rollback of sqlite3.Connection object at 0x73e893c02c50>)
DEBUG    aiosqlite:core.py:67 operation functools.partial(<built-in method rollback of sqlite3.Connection object at 0x73e893c02c50>) completed
DEBUG    aiosqlite:core.py:62 executing functools.partial(<built-in method cursor of sqlite3.Connection object at 0x73e893c02c50>)
DEBUG    aiosqlite:core.py:67 operation functools.partial(<built-in method cursor of sqlite3.Connection object at 0x73e893c02c50>) completed
DEBUG    aiosqlite:core.py:62 executing functools.partial(<built-in method execute of sqlite3.Cursor object at 0x73e893c9b9c0>, 'SELECT users.email, users.hashed_password, users.full_name, users.role, users.is_active, users.is_verified, users.bio, users.company, users.location, users.id, users.created_at, users.updated_at \nFROM users \nWHERE users.id = ?', ('a96c755b842342d783cd7aa03fe119bb',))
DEBUG    aiosqlite:core.py:67 operation functools.partial(<built-in method execute of sqlite3.Cursor object at 0x73e893c9b9c0>, 'SELECT users.email, users.hashed_password, users.full_name, users.role, users.is_active, users.is_verified, users.bio, users.company, users.location, users.id, users.created_at, users.updated_at \nFROM users \nWHERE users.id = ?', ('a96c755b842342d783cd7aa03fe119bb',)) completed
DEBUG    aiosqlite:core.py:62 executing functools.partial(<built-in method fetchall of sqlite3.Cursor object at 0x73e893c9b9c0>)
DEBUG    aiosqlite:core.py:67 operation functools.partial(<built-in method fetchall of sqlite3.Cursor object at 0x73e893c9b9c0>) completed
DEBUG    aiosqlite:core.py:62 executing functools.partial(<built-in method close of sqlite3.Cursor object at 0x73e893c9b9c0>)
DEBUG    aiosqlite:core.py:67 operation functools.partial(<built-in method close of sqlite3.Cursor object at 0x73e893c9b9c0>) completed
DEBUG    aiosqlite:core.py:62 executing functools.partial(<built-in method cursor of sqlite3.Connection object at 0x73e893c02c50>)
DEBUG    aiosqlite:core.py:67 operation functools.partial(<built-in method cursor of sqlite3.Connection object at 0x73e893c02c50>) completed
DEBUG    aiosqlite:core.py:62 executing functools.partial(<built-in method execute of sqlite3.Cursor object at 0x73e893c9b340>, 'INSERT INTO users (email, hashed_password, full_name, role, is_active, is_verified, bio, company, location, id) VALUES (?, ?, ?, ?, ?, ?, ?, ?, ?, ?) RETURNING created_at, updated_at', ('testuser@example.com', '$2b$12$oTTDJ9a1GXWMkSFoAEGFLungeGGZXpIkPbY2AYZafr1KSqSexUaSC', 'Test User', 'user', 1, 1, None, None, None, '5bf532aa5fe04dbf9f8f2f6139aa2015'))
DEBUG    aiosqlite:core.py:67 operation functools.partial(<built-in method execute of sqlite3.Cursor object at 0x73e893c9b340>, 'INSERT INTO users (email, hashed_password, full_name, role, is_active, is_verified, bio, company, location, id) VALUES (?, ?, ?, ?, ?, ?, ?, ?, ?, ?) RETURNING created_at, updated_at', ('testuser@example.com', '$2b$12$oTTDJ9a1GXWMkSFoAEGFLungeGGZXpIkPbY2AYZafr1KSqSexUaSC', 'Test User', 'user', 1, 1, None, None, None, '5bf532aa5fe04dbf9f8f2f6139aa2015')) completed
DEBUG    aiosqlite:core.py:62 executing functools.partial(<built-in method fetchall of sqlite3.Cursor object at 0x73e893c9b340>)
DEBUG    aiosqlite:core.py:67 operation functools.partial(<built-in method fetchall of sqlite3.Cursor object at 0x73e893c9b340>) completed
DEBUG    aiosqlite:core.py:62 executing functools.partial(<built-in method close of sqlite3.Cursor object at 0x73e893c9b340>)
DEBUG    aiosqlite:core.py:67 operation functools.partial(<built-in method close of sqlite3.Cursor object at 0x73e893c9b340>) completed
DEBUG    aiosqlite:core.py:62 executing functools.partial(<built-in method commit of sqlite3.Connection object at 0x73e893c02c50>)
DEBUG    aiosqlite:core.py:67 operation functools.partial(<built-in method commit of sqlite3.Connection object at 0x73e893c02c50>) completed
DEBUG    aiosqlite:core.py:62 executing functools.partial(<built-in method rollback of sqlite3.Connection object at 0x73e893c02c50>)
DEBUG    aiosqlite:core.py:67 operation functools.partial(<built-in method rollback of sqlite3.Connection object at 0x73e893c02c50>) completed
DEBUG    aiosqlite:core.py:62 executing functools.partial(<built-in method cursor of sqlite3.Connection object at 0x73e893c02c50>)
DEBUG    aiosqlite:core.py:67 operation functools.partial(<built-in method cursor of sqlite3.Connection object at 0x73e893c02c50>) completed
DEBUG    aiosqlite:core.py:62 executing functools.partial(<built-in method execute of sqlite3.Cursor object at 0x73e893cae3c0>, 'SELECT users.email, users.hashed_password, users.full_name, users.role, users.is_active, users.is_verified, users.bio, users.company, users.location, users.id, users.created_at, users.updated_at \nFROM users \nWHERE users.id = ?', ('5bf532aa5fe04dbf9f8f2f6139aa2015',))
DEBUG    aiosqlite:core.py:67 operation functools.partial(<built-in method execute of sqlite3.Cursor object at 0x73e893cae3c0>, 'SELECT users.email, users.hashed_password, users.full_name, users.role, users.is_active, users.is_verified, users.bio, users.company, users.location, users.id, users.created_at, users.updated_at \nFROM users \nWHERE users.id = ?', ('5bf532aa5fe04dbf9f8f2f6139aa2015',)) completed
DEBUG    aiosqlite:core.py:62 executing functools.partial(<built-in method fetchall of sqlite3.Cursor object at 0x73e893cae3c0>)
DEBUG    aiosqlite:core.py:67 operation functools.partial(<built-in method fetchall of sqlite3.Cursor object at 0x73e893cae3c0>) completed
DEBUG    aiosqlite:core.py:62 executing functools.partial(<built-in method close of sqlite3.Cursor object at 0x73e893cae3c0>)
DEBUG    aiosqlite:core.py:67 operation functools.partial(<built-in method close of sqlite3.Cursor object at 0x73e893cae3c0>) completed
----------------------------- Captured stdout call -----------------------------
[2026-06-30 16:34:18,113] INFO in root: Authenticating user: testadmin@example.com
[2026-06-30 16:34:18,115] DEBUG in aiosqlite: executing functools.partial(<built-in method cursor of sqlite3.Connection object at 0x73e893c02c50>)
[2026-06-30 16:34:18,115] DEBUG in aiosqlite: operation functools.partial(<built-in method cursor of sqlite3.Connection object at 0x73e893c02c50>) completed
[2026-06-30 16:34:18,115] DEBUG in aiosqlite: executing functools.partial(<built-in method execute of sqlite3.Cursor object at 0x73e893caff40>, 'SELECT users.email, users.hashed_password, users.full_name, users.role, users.is_active, users.is_verified, users.bio, users.company, users.location, users.id, users.created_at, users.updated_at \nFROM users \nWHERE users.email = ?', ('testadmin@example.com',))
[2026-06-30 16:34:18,115] DEBUG in aiosqlite: operation functools.partial(<built-in method execute of sqlite3.Cursor object at 0x73e893caff40>, 'SELECT users.email, users.hashed_password, users.full_name, users.role, users.is_active, users.is_verified, users.bio, users.company, users.location, users.id, users.created_at, users.updated_at \nFROM users \nWHERE users.email = ?', ('testadmin@example.com',)) completed
[2026-06-30 16:34:18,116] DEBUG in aiosqlite: executing functools.partial(<built-in method fetchall of sqlite3.Cursor object at 0x73e893caff40>)
[2026-06-30 16:34:18,116] DEBUG in aiosqlite: operation functools.partial(<built-in method fetchall of sqlite3.Cursor object at 0x73e893caff40>) completed
[2026-06-30 16:34:18,116] DEBUG in aiosqlite: executing functools.partial(<built-in method close of sqlite3.Cursor object at 0x73e893caff40>)
[2026-06-30 16:34:18,116] DEBUG in aiosqlite: operation functools.partial(<built-in method close of sqlite3.Cursor object at 0x73e893caff40>) completed
[2026-06-30 16:34:18,346] INFO in httpx: HTTP Request: POST http://test/api/v1/auth/login "HTTP/1.1 200 OK"
------------------------------ Captured log call -------------------------------
INFO     root:auth.py:37 Authenticating user: testadmin@example.com
DEBUG    aiosqlite:core.py:62 executing functools.partial(<built-in method cursor of sqlite3.Connection object at 0x73e893c02c50>)
DEBUG    aiosqlite:core.py:67 operation functools.partial(<built-in method cursor of sqlite3.Connection object at 0x73e893c02c50>) completed
DEBUG    aiosqlite:core.py:62 executing functools.partial(<built-in method execute of sqlite3.Cursor object at 0x73e893caff40>, 'SELECT users.email, users.hashed_password, users.full_name, users.role, users.is_active, users.is_verified, users.bio, users.company, users.location, users.id, users.created_at, users.updated_at \nFROM users \nWHERE users.email = ?', ('testadmin@example.com',))
DEBUG    aiosqlite:core.py:67 operation functools.partial(<built-in method execute of sqlite3.Cursor object at 0x73e893caff40>, 'SELECT users.email, users.hashed_password, users.full_name, users.role, users.is_active, users.is_verified, users.bio, users.company, users.location, users.id, users.created_at, users.updated_at \nFROM users \nWHERE users.email = ?', ('testadmin@example.com',)) completed
DEBUG    aiosqlite:core.py:62 executing functools.partial(<built-in method fetchall of sqlite3.Cursor object at 0x73e893caff40>)
DEBUG    aiosqlite:core.py:67 operation functools.partial(<built-in method fetchall of sqlite3.Cursor object at 0x73e893caff40>) completed
DEBUG    aiosqlite:core.py:62 executing functools.partial(<built-in method close of sqlite3.Cursor object at 0x73e893caff40>)
DEBUG    aiosqlite:core.py:67 operation functools.partial(<built-in method close of sqlite3.Cursor object at 0x73e893caff40>) completed
INFO     httpx:_client.py:1740 HTTP Request: POST http://test/api/v1/auth/login "HTTP/1.1 200 OK"
--------------------------- Captured stdout teardown ---------------------------
[2026-06-30 16:34:18,789] DEBUG in aiosqlite: executing functools.partial(<built-in method rollback of sqlite3.Connection object at 0x73e893c02c50>)
[2026-06-30 16:34:18,789] DEBUG in aiosqlite: operation functools.partial(<built-in method rollback of sqlite3.Connection object at 0x73e893c02c50>) completed
[2026-06-30 16:34:18,789] DEBUG in aiosqlite: executing functools.partial(<built-in method rollback of sqlite3.Connection object at 0x73e893c02c50>)
[2026-06-30 16:34:18,789] DEBUG in aiosqlite: operation functools.partial(<built-in method rollback of sqlite3.Connection object at 0x73e893c02c50>) completed
[2026-06-30 16:34:18,789] DEBUG in aiosqlite: executing functools.partial(<built-in method cursor of sqlite3.Connection object at 0x73e893c02c50>)
[2026-06-30 16:34:18,790] DEBUG in aiosqlite: operation functools.partial(<built-in method cursor of sqlite3.Connection object at 0x73e893c02c50>) completed
[2026-06-30 16:34:18,790] DEBUG in aiosqlite: executing functools.partial(<built-in method execute of sqlite3.Cursor object at 0x73e8909138c0>, 'PRAGMA main.table_info("users")', ())
[2026-06-30 16:34:18,790] DEBUG in aiosqlite: operation functools.partial(<built-in method execute of sqlite3.Cursor object at 0x73e8909138c0>, 'PRAGMA main.table_info("users")', ()) completed
[2026-06-30 16:34:18,790] DEBUG in aiosqlite: executing functools.partial(<built-in method fetchall of sqlite3.Cursor object at 0x73e8909138c0>)
[2026-06-30 16:34:18,790] DEBUG in aiosqlite: operation functools.partial(<built-in method fetchall of sqlite3.Cursor object at 0x73e8909138c0>) completed
[2026-06-30 16:34:18,790] DEBUG in aiosqlite: executing functools.partial(<built-in method close of sqlite3.Cursor object at 0x73e8909138c0>)
[2026-06-30 16:34:18,790] DEBUG in aiosqlite: operation functools.partial(<built-in method close of sqlite3.Cursor object at 0x73e8909138c0>) completed
[2026-06-30 16:34:18,790] DEBUG in aiosqlite: executing functools.partial(<built-in method cursor of sqlite3.Connection object at 0x73e893c02c50>)
[2026-06-30 16:34:18,790] DEBUG in aiosqlite: operation functools.partial(<built-in method cursor of sqlite3.Connection object at 0x73e893c02c50>) completed
[2026-06-30 16:34:18,790] DEBUG in aiosqlite: executing functools.partial(<built-in method execute of sqlite3.Cursor object at 0x73e890910440>, '\nDROP TABLE users', ())
[2026-06-30 16:34:18,791] DEBUG in aiosqlite: operation functools.partial(<built-in method execute of sqlite3.Cursor object at 0x73e890910440>, '\nDROP TABLE users', ()) completed
[2026-06-30 16:34:18,791] DEBUG in aiosqlite: executing functools.partial(<built-in method close of sqlite3.Cursor object at 0x73e890910440>)
[2026-06-30 16:34:18,791] DEBUG in aiosqlite: operation functools.partial(<built-in method close of sqlite3.Cursor object at 0x73e890910440>) completed
[2026-06-30 16:34:18,791] DEBUG in aiosqlite: executing functools.partial(<built-in method commit of sqlite3.Connection object at 0x73e893c02c50>)
[2026-06-30 16:34:18,791] DEBUG in aiosqlite: operation functools.partial(<built-in method commit of sqlite3.Connection object at 0x73e893c02c50>) completed
[2026-06-30 16:34:18,791] DEBUG in aiosqlite: executing functools.partial(<built-in method rollback of sqlite3.Connection object at 0x73e893c02c50>)
[2026-06-30 16:34:18,792] DEBUG in aiosqlite: operation functools.partial(<built-in method rollback of sqlite3.Connection object at 0x73e893c02c50>) completed
---------------------------- Captured log teardown -----------------------------
DEBUG    aiosqlite:core.py:62 executing functools.partial(<built-in method rollback of sqlite3.Connection object at 0x73e893c02c50>)
DEBUG    aiosqlite:core.py:67 operation functools.partial(<built-in method rollback of sqlite3.Connection object at 0x73e893c02c50>) completed
DEBUG    aiosqlite:core.py:62 executing functools.partial(<built-in method rollback of sqlite3.Connection object at 0x73e893c02c50>)
DEBUG    aiosqlite:core.py:67 operation functools.partial(<built-in method rollback of sqlite3.Connection object at 0x73e893c02c50>) completed
DEBUG    aiosqlite:core.py:62 executing functools.partial(<built-in method cursor of sqlite3.Connection object at 0x73e893c02c50>)
DEBUG    aiosqlite:core.py:67 operation functools.partial(<built-in method cursor of sqlite3.Connection object at 0x73e893c02c50>) completed
DEBUG    aiosqlite:core.py:62 executing functools.partial(<built-in method execute of sqlite3.Cursor object at 0x73e8909138c0>, 'PRAGMA main.table_info("users")', ())
DEBUG    aiosqlite:core.py:67 operation functools.partial(<built-in method execute of sqlite3.Cursor object at 0x73e8909138c0>, 'PRAGMA main.table_info("users")', ()) completed
DEBUG    aiosqlite:core.py:62 executing functools.partial(<built-in method fetchall of sqlite3.Cursor object at 0x73e8909138c0>)
DEBUG    aiosqlite:core.py:67 operation functools.partial(<built-in method fetchall of sqlite3.Cursor object at 0x73e8909138c0>) completed
DEBUG    aiosqlite:core.py:62 executing functools.partial(<built-in method close of sqlite3.Cursor object at 0x73e8909138c0>)
DEBUG    aiosqlite:core.py:67 operation functools.partial(<built-in method close of sqlite3.Cursor object at 0x73e8909138c0>) completed
DEBUG    aiosqlite:core.py:62 executing functools.partial(<built-in method cursor of sqlite3.Connection object at 0x73e893c02c50>)
DEBUG    aiosqlite:core.py:67 operation functools.partial(<built-in method cursor of sqlite3.Connection object at 0x73e893c02c50>) completed
DEBUG    aiosqlite:core.py:62 executing functools.partial(<built-in method execute of sqlite3.Cursor object at 0x73e890910440>, '\nDROP TABLE users', ())
DEBUG    aiosqlite:core.py:67 operation functools.partial(<built-in method execute of sqlite3.Cursor object at 0x73e890910440>, '\nDROP TABLE users', ()) completed
DEBUG    aiosqlite:core.py:62 executing functools.partial(<built-in method close of sqlite3.Cursor object at 0x73e890910440>)
DEBUG    aiosqlite:core.py:67 operation functools.partial(<built-in method close of sqlite3.Cursor object at 0x73e890910440>) completed
DEBUG    aiosqlite:core.py:62 executing functools.partial(<built-in method commit of sqlite3.Connection object at 0x73e893c02c50>)
DEBUG    aiosqlite:core.py:67 operation functools.partial(<built-in method commit of sqlite3.Connection object at 0x73e893c02c50>) completed
DEBUG    aiosqlite:core.py:62 executing functools.partial(<built-in method rollback of sqlite3.Connection object at 0x73e893c02c50>)
DEBUG    aiosqlite:core.py:67 operation functools.partial(<built-in method rollback of sqlite3.Connection object at 0x73e893c02c50>) completed
=========================== short test summary info ============================
FAILED tests/test_users.py::test_list_users_as_admin - sqlalchemy.exc.Stateme...
============================== 1 failed in 1.18s ===============================
